[2026-04-22T10:17:13.520+0000] {taskinstance.py:1956} INFO - Dependencies all met for dep_context=non-requeueable deps ti=<TaskInstance: ecommerce_analytics_pipeline.run_dbt_staging scheduled__2026-04-21T00:00:00+00:00 [queued]>
[2026-04-22T10:17:13.553+0000] {taskinstance.py:1956} INFO - Dependencies all met for dep_context=requeueable deps ti=<TaskInstance: ecommerce_analytics_pipeline.run_dbt_staging scheduled__2026-04-21T00:00:00+00:00 [queued]>
[2026-04-22T10:17:13.554+0000] {taskinstance.py:2170} INFO - Starting attempt 1 of 2
[2026-04-22T10:17:13.595+0000] {taskinstance.py:2191} INFO - Executing <Task(BashOperator): run_dbt_staging> on 2026-04-21 00:00:00+00:00
[2026-04-22T10:17:13.602+0000] {standard_task_runner.py:60} INFO - Started process 2483 to run task
[2026-04-22T10:17:13.608+0000] {standard_task_runner.py:87} INFO - Running: ['***', 'tasks', 'run', 'ecommerce_analytics_pipeline', 'run_dbt_staging', 'scheduled__2026-04-21T00:00:00+00:00', '--job-id', '14', '--raw', '--subdir', 'DAGS_FOLDER/ecommerce_pipeline.py', '--cfg-path', '/tmp/tmph82pamyq']
[2026-04-22T10:17:13.613+0000] {standard_task_runner.py:88} INFO - Job 14: Subtask run_dbt_staging
[2026-04-22T10:17:13.751+0000] {task_command.py:423} INFO - Running <TaskInstance: ecommerce_analytics_pipeline.run_dbt_staging scheduled__2026-04-21T00:00:00+00:00 [running]> on host 5f98f2d03914
[2026-04-22T10:17:14.017+0000] {taskinstance.py:2480} INFO - Exporting env vars: AIRFLOW_CTX_DAG_OWNER='sarthak' AIRFLOW_CTX_DAG_ID='ecommerce_analytics_pipeline' AIRFLOW_CTX_TASK_ID='run_dbt_staging' AIRFLOW_CTX_EXECUTION_DATE='2026-04-21T00:00:00+00:00' AIRFLOW_CTX_TRY_NUMBER='1' AIRFLOW_CTX_DAG_RUN_ID='scheduled__2026-04-21T00:00:00+00:00'
[2026-04-22T10:17:14.020+0000] {subprocess.py:63} INFO - Tmp dir root location: /tmp
[2026-04-22T10:17:14.025+0000] {subprocess.py:75} INFO - Running command: ['/usr/bin/bash', '-c', '\n            cd /opt/***/dbt_project &&             dbt run --select staging --profiles-dir .\n        ']
[2026-04-22T10:17:14.050+0000] {subprocess.py:86} INFO - Output:
[2026-04-22T10:17:41.898+0000] {subprocess.py:93} INFO - [0m10:17:41  Running with dbt=1.7.0
[2026-04-22T10:17:46.059+0000] {subprocess.py:93} INFO - [0m10:17:46  Registered adapter: postgres=1.7.0
[2026-04-22T10:17:46.354+0000] {subprocess.py:93} INFO - [0m10:17:46  Unable to do partial parsing because saved manifest not found. Starting full parse.
[2026-04-22T10:17:51.311+0000] {subprocess.py:93} INFO - [0m10:17:51  Found 6 models, 17 tests, 0 sources, 0 exposures, 0 metrics, 401 macros, 0 groups, 0 semantic models
[2026-04-22T10:17:51.316+0000] {subprocess.py:93} INFO - [0m10:17:51
[2026-04-22T10:17:51.618+0000] {subprocess.py:93} INFO - [0m10:17:51  Concurrency: 4 threads (target='dev')
[2026-04-22T10:17:51.619+0000] {subprocess.py:93} INFO - [0m10:17:51
[2026-04-22T10:17:51.641+0000] {subprocess.py:93} INFO - [0m10:17:51  1 of 3 START sql view model analytics_staging.stg_customers .................... [RUN]
[2026-04-22T10:17:51.643+0000] {subprocess.py:93} INFO - [0m10:17:51  2 of 3 START sql view model analytics_staging.stg_orders ....................... [RUN]
[2026-04-22T10:17:51.646+0000] {subprocess.py:93} INFO - [0m10:17:51  3 of 3 START sql view model analytics_staging.stg_products ..................... [RUN]
[2026-04-22T10:17:52.423+0000] {subprocess.py:93} INFO - [0m10:17:52  1 of 3 OK created sql view model analytics_staging.stg_customers ............... [[32mCREATE VIEW[0m in 0.77s]
[2026-04-22T10:17:52.437+0000] {subprocess.py:93} INFO - [0m10:17:52  3 of 3 OK created sql view model analytics_staging.stg_products ................ [[32mCREATE VIEW[0m in 0.77s]
[2026-04-22T10:17:52.452+0000] {subprocess.py:93} INFO - [0m10:17:52  2 of 3 OK created sql view model analytics_staging.stg_orders .................. [[32mCREATE VIEW[0m in 0.80s]
[2026-04-22T10:17:52.513+0000] {subprocess.py:93} INFO - [0m10:17:52
[2026-04-22T10:17:52.514+0000] {subprocess.py:93} INFO - [0m10:17:52  Finished running 3 view models in 0 hours 0 minutes and 1.20 seconds (1.20s).
[2026-04-22T10:17:52.570+0000] {subprocess.py:93} INFO - [0m10:17:52
[2026-04-22T10:17:52.572+0000] {subprocess.py:93} INFO - [0m10:17:52  [32mCompleted successfully[0m
[2026-04-22T10:17:52.574+0000] {subprocess.py:93} INFO - [0m10:17:52
[2026-04-22T10:17:52.578+0000] {subprocess.py:93} INFO - [0m10:17:52  Done. PASS=3 WARN=0 ERROR=0 SKIP=0 TOTAL=3
[2026-04-22T10:17:53.434+0000] {subprocess.py:97} INFO - Command exited with return code 0
[2026-04-22T10:17:53.573+0000] {taskinstance.py:1138} INFO - Marking task as SUCCESS. dag_id=ecommerce_analytics_pipeline, task_id=run_dbt_staging, execution_date=20260421T000000, start_date=20260422T101713, end_date=20260422T101753
[2026-04-22T10:17:53.634+0000] {local_task_job_runner.py:234} INFO - Task exited with return code 0
[2026-04-22T10:17:53.713+0000] {taskinstance.py:3280} INFO - 1 downstream tasks scheduled from follow-on schedule check
