[2026-04-22T10:14:08.442+0000] {taskinstance.py:1956} INFO - Dependencies all met for dep_context=non-requeueable deps ti=<TaskInstance: ecommerce_analytics_pipeline.run_customers_etl manual__2026-04-22T10:14:05.156575+00:00 [queued]>
[2026-04-22T10:14:08.459+0000] {taskinstance.py:1956} INFO - Dependencies all met for dep_context=requeueable deps ti=<TaskInstance: ecommerce_analytics_pipeline.run_customers_etl manual__2026-04-22T10:14:05.156575+00:00 [queued]>
[2026-04-22T10:14:08.461+0000] {taskinstance.py:2170} INFO - Starting attempt 1 of 2
[2026-04-22T10:14:08.486+0000] {taskinstance.py:2191} INFO - Executing <Task(BashOperator): run_customers_etl> on 2026-04-22 10:14:05.156575+00:00
[2026-04-22T10:14:08.498+0000] {standard_task_runner.py:60} INFO - Started process 883 to run task
[2026-04-22T10:14:08.505+0000] {standard_task_runner.py:87} INFO - Running: ['***', 'tasks', 'run', 'ecommerce_analytics_pipeline', 'run_customers_etl', 'manual__2026-04-22T10:14:05.156575+00:00', '--job-id', '7', '--raw', '--subdir', 'DAGS_FOLDER/ecommerce_pipeline.py', '--cfg-path', '/tmp/tmpxdvh05ws']
[2026-04-22T10:14:08.509+0000] {standard_task_runner.py:88} INFO - Job 7: Subtask run_customers_etl
[2026-04-22T10:14:08.621+0000] {task_command.py:423} INFO - Running <TaskInstance: ecommerce_analytics_pipeline.run_customers_etl manual__2026-04-22T10:14:05.156575+00:00 [running]> on host 5f98f2d03914
[2026-04-22T10:14:08.805+0000] {taskinstance.py:2480} INFO - Exporting env vars: AIRFLOW_CTX_DAG_OWNER='sarthak' AIRFLOW_CTX_DAG_ID='ecommerce_analytics_pipeline' AIRFLOW_CTX_TASK_ID='run_customers_etl' AIRFLOW_CTX_EXECUTION_DATE='2026-04-22T10:14:05.156575+00:00' AIRFLOW_CTX_TRY_NUMBER='1' AIRFLOW_CTX_DAG_RUN_ID='manual__2026-04-22T10:14:05.156575+00:00'
[2026-04-22T10:14:08.807+0000] {subprocess.py:63} INFO - Tmp dir root location: /tmp
[2026-04-22T10:14:08.810+0000] {subprocess.py:75} INFO - Running command: ['/usr/bin/bash', '-c', '\n            cd /opt/*** && python spark_jobs/etl_customers.py\n        ']
[2026-04-22T10:14:08.824+0000] {subprocess.py:86} INFO - Output:
[2026-04-22T10:14:12.583+0000] {subprocess.py:93} INFO - :: loading settings :: url = jar:file:/home/***/.local/lib/python3.8/site-packages/pyspark/jars/ivy-2.5.1.jar!/org/apache/ivy/core/settings/ivysettings.xml
[2026-04-22T10:14:12.808+0000] {subprocess.py:93} INFO - Ivy Default Cache set to: /home/***/.ivy2/cache
[2026-04-22T10:14:12.810+0000] {subprocess.py:93} INFO - The jars for the packages stored in: /home/***/.ivy2/jars
[2026-04-22T10:14:12.822+0000] {subprocess.py:93} INFO - org.postgresql#postgresql added as a dependency
[2026-04-22T10:14:12.832+0000] {subprocess.py:93} INFO - :: resolving dependencies :: org.apache.spark#spark-submit-parent-69d4d015-8c92-4409-b6f2-d233cfdec18d;1.0
[2026-04-22T10:14:12.833+0000] {subprocess.py:93} INFO - 	confs: [default]
[2026-04-22T10:14:13.451+0000] {subprocess.py:93} INFO - You probably access the destination server through a proxy server that is not well configured.
[2026-04-22T10:14:13.454+0000] {subprocess.py:93} INFO - You probably access the destination server through a proxy server that is not well configured.
[2026-04-22T10:14:15.577+0000] {subprocess.py:93} INFO - :: resolution report :: resolve 2747ms :: artifacts dl 0ms
[2026-04-22T10:14:15.579+0000] {subprocess.py:93} INFO - 	:: modules in use:
[2026-04-22T10:14:15.581+0000] {subprocess.py:93} INFO - 	---------------------------------------------------------------------
[2026-04-22T10:14:15.583+0000] {subprocess.py:93} INFO - 	|                  |            modules            ||   artifacts   |
[2026-04-22T10:14:15.584+0000] {subprocess.py:93} INFO - 	|       conf       | number| search|dwnlded|evicted|| number|dwnlded|
[2026-04-22T10:14:15.589+0000] {subprocess.py:93} INFO - 	---------------------------------------------------------------------
[2026-04-22T10:14:15.593+0000] {subprocess.py:93} INFO - 	|      default     |   1   |   0   |   0   |   0   ||   0   |   0   |
[2026-04-22T10:14:15.594+0000] {subprocess.py:93} INFO - 	---------------------------------------------------------------------
[2026-04-22T10:14:15.596+0000] {subprocess.py:93} INFO - 
[2026-04-22T10:14:15.597+0000] {subprocess.py:93} INFO - :: problems summary ::
[2026-04-22T10:14:15.598+0000] {subprocess.py:93} INFO - :::: WARNINGS
[2026-04-22T10:14:15.599+0000] {subprocess.py:93} INFO - 	Host repo1.maven.org not found. url=https://repo1.maven.org/maven2/org/postgresql/postgresql/42.6.0/postgresql-42.6.0.pom
[2026-04-22T10:14:15.600+0000] {subprocess.py:93} INFO - 
[2026-04-22T10:14:15.601+0000] {subprocess.py:93} INFO - 	Host repo1.maven.org not found. url=https://repo1.maven.org/maven2/org/postgresql/postgresql/42.6.0/postgresql-42.6.0.jar
[2026-04-22T10:14:15.602+0000] {subprocess.py:93} INFO - 
[2026-04-22T10:14:15.604+0000] {subprocess.py:93} INFO - 		module not found: org.postgresql#postgresql;42.6.0
[2026-04-22T10:14:15.606+0000] {subprocess.py:93} INFO - 
[2026-04-22T10:14:15.608+0000] {subprocess.py:93} INFO - 	==== local-m2-cache: tried
[2026-04-22T10:14:15.609+0000] {subprocess.py:93} INFO - 
[2026-04-22T10:14:15.610+0000] {subprocess.py:93} INFO - 	  file:/home/***/.m2/repository/org/postgresql/postgresql/42.6.0/postgresql-42.6.0.pom
[2026-04-22T10:14:15.612+0000] {subprocess.py:93} INFO - 
[2026-04-22T10:14:15.613+0000] {subprocess.py:93} INFO - 	  -- artifact org.postgresql#postgresql;42.6.0!postgresql.jar:
[2026-04-22T10:14:15.613+0000] {subprocess.py:93} INFO - 
[2026-04-22T10:14:15.614+0000] {subprocess.py:93} INFO - 	  file:/home/***/.m2/repository/org/postgresql/postgresql/42.6.0/postgresql-42.6.0.jar
[2026-04-22T10:14:15.617+0000] {subprocess.py:93} INFO - 
[2026-04-22T10:14:15.619+0000] {subprocess.py:93} INFO - 	==== local-ivy-cache: tried
[2026-04-22T10:14:15.621+0000] {subprocess.py:93} INFO - 
[2026-04-22T10:14:15.623+0000] {subprocess.py:93} INFO - 	  /home/***/.ivy2/local/org.postgresql/postgresql/42.6.0/ivys/ivy.xml
[2026-04-22T10:14:15.624+0000] {subprocess.py:93} INFO - 
[2026-04-22T10:14:15.625+0000] {subprocess.py:93} INFO - 	  -- artifact org.postgresql#postgresql;42.6.0!postgresql.jar:
[2026-04-22T10:14:15.626+0000] {subprocess.py:93} INFO - 
[2026-04-22T10:14:15.627+0000] {subprocess.py:93} INFO - 	  /home/***/.ivy2/local/org.postgresql/postgresql/42.6.0/jars/postgresql.jar
[2026-04-22T10:14:15.629+0000] {subprocess.py:93} INFO - 
[2026-04-22T10:14:15.630+0000] {subprocess.py:93} INFO - 	==== central: tried
[2026-04-22T10:14:15.631+0000] {subprocess.py:93} INFO - 
[2026-04-22T10:14:15.632+0000] {subprocess.py:93} INFO - 	  https://repo1.maven.org/maven2/org/postgresql/postgresql/42.6.0/postgresql-42.6.0.pom
[2026-04-22T10:14:15.633+0000] {subprocess.py:93} INFO - 
[2026-04-22T10:14:15.635+0000] {subprocess.py:93} INFO - 	  -- artifact org.postgresql#postgresql;42.6.0!postgresql.jar:
[2026-04-22T10:14:15.636+0000] {subprocess.py:93} INFO - 
[2026-04-22T10:14:15.638+0000] {subprocess.py:93} INFO - 	  https://repo1.maven.org/maven2/org/postgresql/postgresql/42.6.0/postgresql-42.6.0.jar
[2026-04-22T10:14:15.640+0000] {subprocess.py:93} INFO - 
[2026-04-22T10:14:15.642+0000] {subprocess.py:93} INFO - 	==== spark-packages: tried
[2026-04-22T10:14:15.643+0000] {subprocess.py:93} INFO - 
[2026-04-22T10:14:15.644+0000] {subprocess.py:93} INFO - 	  https://repos.spark-packages.org/org/postgresql/postgresql/42.6.0/postgresql-42.6.0.pom
[2026-04-22T10:14:15.646+0000] {subprocess.py:93} INFO - 
[2026-04-22T10:14:15.647+0000] {subprocess.py:93} INFO - 	  -- artifact org.postgresql#postgresql;42.6.0!postgresql.jar:
[2026-04-22T10:14:15.647+0000] {subprocess.py:93} INFO - 
[2026-04-22T10:14:15.648+0000] {subprocess.py:93} INFO - 	  https://repos.spark-packages.org/org/postgresql/postgresql/42.6.0/postgresql-42.6.0.jar
[2026-04-22T10:14:15.649+0000] {subprocess.py:93} INFO - 
[2026-04-22T10:14:15.650+0000] {subprocess.py:93} INFO - 		::::::::::::::::::::::::::::::::::::::::::::::
[2026-04-22T10:14:15.650+0000] {subprocess.py:93} INFO - 
[2026-04-22T10:14:15.651+0000] {subprocess.py:93} INFO - 		::          UNRESOLVED DEPENDENCIES         ::
[2026-04-22T10:14:15.652+0000] {subprocess.py:93} INFO - 
[2026-04-22T10:14:15.653+0000] {subprocess.py:93} INFO - 		::::::::::::::::::::::::::::::::::::::::::::::
[2026-04-22T10:14:15.655+0000] {subprocess.py:93} INFO - 
[2026-04-22T10:14:15.656+0000] {subprocess.py:93} INFO - 		:: org.postgresql#postgresql;42.6.0: not found
[2026-04-22T10:14:15.657+0000] {subprocess.py:93} INFO - 
[2026-04-22T10:14:15.658+0000] {subprocess.py:93} INFO - 		::::::::::::::::::::::::::::::::::::::::::::::
[2026-04-22T10:14:15.659+0000] {subprocess.py:93} INFO - 
[2026-04-22T10:14:15.661+0000] {subprocess.py:93} INFO - 
[2026-04-22T10:14:15.662+0000] {subprocess.py:93} INFO - 
[2026-04-22T10:14:15.664+0000] {subprocess.py:93} INFO - :: USE VERBOSE OR DEBUG MESSAGE LEVEL FOR MORE DETAILS
[2026-04-22T10:14:15.665+0000] {subprocess.py:93} INFO - Exception in thread "main" java.lang.RuntimeException: [unresolved dependency: org.postgresql#postgresql;42.6.0: not found]
[2026-04-22T10:14:15.666+0000] {subprocess.py:93} INFO - 	at org.apache.spark.deploy.SparkSubmitUtils$.resolveMavenCoordinates(SparkSubmit.scala:1537)
[2026-04-22T10:14:15.667+0000] {subprocess.py:93} INFO - 	at org.apache.spark.util.DependencyUtils$.resolveMavenDependencies(DependencyUtils.scala:185)
[2026-04-22T10:14:15.668+0000] {subprocess.py:93} INFO - 	at org.apache.spark.deploy.SparkSubmit.prepareSubmitEnvironment(SparkSubmit.scala:334)
[2026-04-22T10:14:15.669+0000] {subprocess.py:93} INFO - 	at org.apache.spark.deploy.SparkSubmit.org$apache$spark$deploy$SparkSubmit$$runMain(SparkSubmit.scala:964)
[2026-04-22T10:14:15.671+0000] {subprocess.py:93} INFO - 	at org.apache.spark.deploy.SparkSubmit.doRunMain$1(SparkSubmit.scala:194)
[2026-04-22T10:14:15.673+0000] {subprocess.py:93} INFO - 	at org.apache.spark.deploy.SparkSubmit.submit(SparkSubmit.scala:217)
[2026-04-22T10:14:15.674+0000] {subprocess.py:93} INFO - 	at org.apache.spark.deploy.SparkSubmit.doSubmit(SparkSubmit.scala:91)
[2026-04-22T10:14:15.675+0000] {subprocess.py:93} INFO - 	at org.apache.spark.deploy.SparkSubmit$$anon$2.doSubmit(SparkSubmit.scala:1120)
[2026-04-22T10:14:15.677+0000] {subprocess.py:93} INFO - 	at org.apache.spark.deploy.SparkSubmit$.main(SparkSubmit.scala:1129)
[2026-04-22T10:14:15.678+0000] {subprocess.py:93} INFO - 	at org.apache.spark.deploy.SparkSubmit.main(SparkSubmit.scala)
[2026-04-22T10:14:15.711+0000] {subprocess.py:93} INFO - Traceback (most recent call last):
[2026-04-22T10:14:15.712+0000] {subprocess.py:93} INFO -   File "spark_jobs/etl_customers.py", line 88, in <module>
[2026-04-22T10:14:15.713+0000] {subprocess.py:93} INFO -     run()
[2026-04-22T10:14:15.714+0000] {subprocess.py:93} INFO -   File "spark_jobs/etl_customers.py", line 71, in run
[2026-04-22T10:14:15.715+0000] {subprocess.py:93} INFO -     spark = create_spark_session()
[2026-04-22T10:14:15.716+0000] {subprocess.py:93} INFO -   File "spark_jobs/etl_customers.py", line 12, in create_spark_session
[2026-04-22T10:14:15.717+0000] {subprocess.py:93} INFO -     return SparkSession.builder \
[2026-04-22T10:14:15.718+0000] {subprocess.py:93} INFO -   File "/home/***/.local/lib/python3.8/site-packages/pyspark/sql/session.py", line 497, in getOrCreate
[2026-04-22T10:14:15.719+0000] {subprocess.py:93} INFO -     sc = SparkContext.getOrCreate(sparkConf)
[2026-04-22T10:14:15.724+0000] {subprocess.py:93} INFO -   File "/home/***/.local/lib/python3.8/site-packages/pyspark/context.py", line 515, in getOrCreate
[2026-04-22T10:14:15.726+0000] {subprocess.py:93} INFO -     SparkContext(conf=conf or SparkConf())
[2026-04-22T10:14:15.727+0000] {subprocess.py:93} INFO -   File "/home/***/.local/lib/python3.8/site-packages/pyspark/context.py", line 201, in __init__
[2026-04-22T10:14:15.729+0000] {subprocess.py:93} INFO -     SparkContext._ensure_initialized(self, gateway=gateway, conf=conf)
[2026-04-22T10:14:15.730+0000] {subprocess.py:93} INFO -   File "/home/***/.local/lib/python3.8/site-packages/pyspark/context.py", line 436, in _ensure_initialized
[2026-04-22T10:14:15.732+0000] {subprocess.py:93} INFO -     SparkContext._gateway = gateway or launch_gateway(conf)
[2026-04-22T10:14:15.733+0000] {subprocess.py:93} INFO -   File "/home/***/.local/lib/python3.8/site-packages/pyspark/java_gateway.py", line 107, in launch_gateway
[2026-04-22T10:14:15.738+0000] {subprocess.py:93} INFO -     raise PySparkRuntimeError(
[2026-04-22T10:14:15.741+0000] {subprocess.py:93} INFO - pyspark.errors.exceptions.base.PySparkRuntimeError: [JAVA_GATEWAY_EXITED] Java gateway process exited before sending its port number.
[2026-04-22T10:14:15.831+0000] {subprocess.py:97} INFO - Command exited with return code 1
[2026-04-22T10:14:15.864+0000] {taskinstance.py:2698} ERROR - Task failed with exception
Traceback (most recent call last):
  File "/home/airflow/.local/lib/python3.8/site-packages/airflow/models/taskinstance.py", line 433, in _execute_task
    result = execute_callable(context=context, **execute_callable_kwargs)
  File "/home/airflow/.local/lib/python3.8/site-packages/airflow/operators/bash.py", line 212, in execute
    raise AirflowException(
airflow.exceptions.AirflowException: Bash command failed. The command returned a non-zero exit code 1.
[2026-04-22T10:14:15.872+0000] {taskinstance.py:1138} INFO - Marking task as UP_FOR_RETRY. dag_id=ecommerce_analytics_pipeline, task_id=run_customers_etl, execution_date=20260422T101405, start_date=20260422T101408, end_date=20260422T101415
[2026-04-22T10:14:15.917+0000] {standard_task_runner.py:107} ERROR - Failed to execute job 7 for task run_customers_etl (Bash command failed. The command returned a non-zero exit code 1.; 883)
[2026-04-22T10:14:15.963+0000] {local_task_job_runner.py:234} INFO - Task exited with return code 1
[2026-04-22T10:14:16.041+0000] {taskinstance.py:3280} INFO - 0 downstream tasks scheduled from follow-on schedule check
