[2026-04-22T10:18:19.355+0000] {taskinstance.py:1956} INFO - Dependencies all met for dep_context=non-requeueable deps ti=<TaskInstance: ecommerce_analytics_pipeline.run_dbt_marts manual__2026-04-22T10:14:05.156575+00:00 [queued]>
[2026-04-22T10:18:19.372+0000] {taskinstance.py:1956} INFO - Dependencies all met for dep_context=requeueable deps ti=<TaskInstance: ecommerce_analytics_pipeline.run_dbt_marts manual__2026-04-22T10:14:05.156575+00:00 [queued]>
[2026-04-22T10:18:19.373+0000] {taskinstance.py:2170} INFO - Starting attempt 1 of 2
[2026-04-22T10:18:19.395+0000] {taskinstance.py:2191} INFO - Executing <Task(BashOperator): run_dbt_marts> on 2026-04-22 10:14:05.156575+00:00
[2026-04-22T10:18:19.403+0000] {standard_task_runner.py:60} INFO - Started process 2940 to run task
[2026-04-22T10:18:19.410+0000] {standard_task_runner.py:87} INFO - Running: ['***', 'tasks', 'run', 'ecommerce_analytics_pipeline', 'run_dbt_marts', 'manual__2026-04-22T10:14:05.156575+00:00', '--job-id', '19', '--raw', '--subdir', 'DAGS_FOLDER/ecommerce_pipeline.py', '--cfg-path', '/tmp/tmp7abtblyu']
[2026-04-22T10:18:19.414+0000] {standard_task_runner.py:88} INFO - Job 19: Subtask run_dbt_marts
[2026-04-22T10:18:19.515+0000] {task_command.py:423} INFO - Running <TaskInstance: ecommerce_analytics_pipeline.run_dbt_marts manual__2026-04-22T10:14:05.156575+00:00 [running]> on host 5f98f2d03914
[2026-04-22T10:18:19.660+0000] {taskinstance.py:2480} INFO - Exporting env vars: AIRFLOW_CTX_DAG_OWNER='sarthak' AIRFLOW_CTX_DAG_ID='ecommerce_analytics_pipeline' AIRFLOW_CTX_TASK_ID='run_dbt_marts' AIRFLOW_CTX_EXECUTION_DATE='2026-04-22T10:14:05.156575+00:00' AIRFLOW_CTX_TRY_NUMBER='1' AIRFLOW_CTX_DAG_RUN_ID='manual__2026-04-22T10:14:05.156575+00:00'
[2026-04-22T10:18:19.662+0000] {subprocess.py:63} INFO - Tmp dir root location: /tmp
[2026-04-22T10:18:19.664+0000] {subprocess.py:75} INFO - Running command: ['/usr/bin/bash', '-c', '\n            cd /opt/***/dbt_project &&             dbt run --select marts --profiles-dir .\n        ']
[2026-04-22T10:18:19.678+0000] {subprocess.py:86} INFO - Output:
[2026-04-22T10:18:24.290+0000] {subprocess.py:93} INFO - [0m10:18:24  Running with dbt=1.7.0
[2026-04-22T10:18:24.958+0000] {subprocess.py:93} INFO - [0m10:18:24  Registered adapter: postgres=1.7.0
[2026-04-22T10:18:25.692+0000] {subprocess.py:93} INFO - [0m10:18:25  Found 6 models, 17 tests, 0 sources, 0 exposures, 0 metrics, 401 macros, 0 groups, 0 semantic models
[2026-04-22T10:18:25.698+0000] {subprocess.py:93} INFO - [0m10:18:25
[2026-04-22T10:18:25.957+0000] {subprocess.py:93} INFO - [0m10:18:25  Concurrency: 4 threads (target='dev')
[2026-04-22T10:18:25.959+0000] {subprocess.py:93} INFO - [0m10:18:25
[2026-04-22T10:18:25.984+0000] {subprocess.py:93} INFO - [0m10:18:25  1 of 3 START sql table model analytics_analytics.mart_customer_orders .......... [RUN]
[2026-04-22T10:18:25.986+0000] {subprocess.py:93} INFO - [0m10:18:25  2 of 3 START sql table model analytics_analytics.mart_daily_sales .............. [RUN]
[2026-04-22T10:18:25.988+0000] {subprocess.py:93} INFO - [0m10:18:25  3 of 3 START sql table model analytics_analytics.mart_revenue_by_category ...... [RUN]
[2026-04-22T10:18:26.608+0000] {subprocess.py:93} INFO - [0m10:18:26  1 of 3 OK created sql table model analytics_analytics.mart_customer_orders ..... [[32mSELECT 7[0m in 0.61s]
[2026-04-22T10:18:26.610+0000] {subprocess.py:93} INFO - [0m10:18:26  2 of 3 OK created sql table model analytics_analytics.mart_daily_sales ......... [[32mSELECT 12[0m in 0.61s]
[2026-04-22T10:18:26.612+0000] {subprocess.py:93} INFO - [0m10:18:26  3 of 3 OK created sql table model analytics_analytics.mart_revenue_by_category . [[32mSELECT 4[0m in 0.61s]
[2026-04-22T10:18:26.659+0000] {subprocess.py:93} INFO - [0m10:18:26
[2026-04-22T10:18:26.660+0000] {subprocess.py:93} INFO - [0m10:18:26  Finished running 3 table models in 0 hours 0 minutes and 0.96 seconds (0.96s).
[2026-04-22T10:18:26.712+0000] {subprocess.py:93} INFO - [0m10:18:26
[2026-04-22T10:18:26.714+0000] {subprocess.py:93} INFO - [0m10:18:26  [32mCompleted successfully[0m
[2026-04-22T10:18:26.717+0000] {subprocess.py:93} INFO - [0m10:18:26
[2026-04-22T10:18:26.719+0000] {subprocess.py:93} INFO - [0m10:18:26  Done. PASS=3 WARN=0 ERROR=0 SKIP=0 TOTAL=3
[2026-04-22T10:18:28.506+0000] {subprocess.py:97} INFO - Command exited with return code 0
[2026-04-22T10:18:28.563+0000] {taskinstance.py:1138} INFO - Marking task as SUCCESS. dag_id=ecommerce_analytics_pipeline, task_id=run_dbt_marts, execution_date=20260422T101405, start_date=20260422T101819, end_date=20260422T101828
[2026-04-22T10:18:28.615+0000] {local_task_job_runner.py:234} INFO - Task exited with return code 0
[2026-04-22T10:18:28.660+0000] {taskinstance.py:3280} INFO - 1 downstream tasks scheduled from follow-on schedule check
