[2026-04-23T05:30:54.490+0000] {taskinstance.py:1956} INFO - Dependencies all met for dep_context=non-requeueable deps ti=<TaskInstance: ecommerce_analytics_pipeline.run_products_etl scheduled__2026-04-22T00:00:00+00:00 [queued]>
[2026-04-23T05:30:54.528+0000] {taskinstance.py:1956} INFO - Dependencies all met for dep_context=requeueable deps ti=<TaskInstance: ecommerce_analytics_pipeline.run_products_etl scheduled__2026-04-22T00:00:00+00:00 [queued]>
[2026-04-23T05:30:54.529+0000] {taskinstance.py:2170} INFO - Starting attempt 2 of 2
[2026-04-23T05:30:54.594+0000] {taskinstance.py:2191} INFO - Executing <Task(BashOperator): run_products_etl> on 2026-04-22 00:00:00+00:00
[2026-04-23T05:30:54.620+0000] {standard_task_runner.py:60} INFO - Started process 4173 to run task
[2026-04-23T05:30:54.627+0000] {standard_task_runner.py:87} INFO - Running: ['***', 'tasks', 'run', 'ecommerce_analytics_pipeline', 'run_products_etl', 'scheduled__2026-04-22T00:00:00+00:00', '--job-id', '29', '--raw', '--subdir', 'DAGS_FOLDER/ecommerce_pipeline.py', '--cfg-path', '/tmp/tmp6vgbnncx']
[2026-04-23T05:30:54.644+0000] {standard_task_runner.py:88} INFO - Job 29: Subtask run_products_etl
[2026-04-23T05:30:55.376+0000] {task_command.py:423} INFO - Running <TaskInstance: ecommerce_analytics_pipeline.run_products_etl scheduled__2026-04-22T00:00:00+00:00 [running]> on host 5f98f2d03914
[2026-04-23T05:30:56.180+0000] {taskinstance.py:2480} INFO - Exporting env vars: AIRFLOW_CTX_DAG_OWNER='sarthak' AIRFLOW_CTX_DAG_ID='ecommerce_analytics_pipeline' AIRFLOW_CTX_TASK_ID='run_products_etl' AIRFLOW_CTX_EXECUTION_DATE='2026-04-22T00:00:00+00:00' AIRFLOW_CTX_TRY_NUMBER='2' AIRFLOW_CTX_DAG_RUN_ID='scheduled__2026-04-22T00:00:00+00:00'
[2026-04-23T05:30:56.191+0000] {subprocess.py:63} INFO - Tmp dir root location: /tmp
[2026-04-23T05:30:56.197+0000] {subprocess.py:75} INFO - Running command: ['/usr/bin/bash', '-c', '\n            cd /opt/*** && python spark_jobs/etl_products.py\n        ']
[2026-04-23T05:30:56.265+0000] {subprocess.py:86} INFO - Output:
[2026-04-23T05:31:09.989+0000] {subprocess.py:93} INFO - :: loading settings :: url = jar:file:/home/***/.local/lib/python3.8/site-packages/pyspark/jars/ivy-2.5.1.jar!/org/apache/ivy/core/settings/ivysettings.xml
[2026-04-23T05:31:10.298+0000] {subprocess.py:93} INFO - Ivy Default Cache set to: /home/***/.ivy2/cache
[2026-04-23T05:31:10.300+0000] {subprocess.py:93} INFO - The jars for the packages stored in: /home/***/.ivy2/jars
[2026-04-23T05:31:10.318+0000] {subprocess.py:93} INFO - org.postgresql#postgresql added as a dependency
[2026-04-23T05:31:10.323+0000] {subprocess.py:93} INFO - :: resolving dependencies :: org.apache.spark#spark-submit-parent-e33686a6-6cc3-4c4b-bbdf-d9846efafe08;1.0
[2026-04-23T05:31:10.325+0000] {subprocess.py:93} INFO - 	confs: [default]
[2026-04-23T05:31:10.687+0000] {subprocess.py:93} INFO - 	found org.postgresql#postgresql;42.6.0 in central
[2026-04-23T05:31:10.764+0000] {subprocess.py:93} INFO - 	found org.checkerframework#checker-qual;3.31.0 in central
[2026-04-23T05:31:10.855+0000] {subprocess.py:93} INFO - :: resolution report :: resolve 477ms :: artifacts dl 53ms
[2026-04-23T05:31:10.860+0000] {subprocess.py:93} INFO - 	:: modules in use:
[2026-04-23T05:31:10.861+0000] {subprocess.py:93} INFO - 	org.checkerframework#checker-qual;3.31.0 from central in [default]
[2026-04-23T05:31:10.870+0000] {subprocess.py:93} INFO - 	org.postgresql#postgresql;42.6.0 from central in [default]
[2026-04-23T05:31:10.877+0000] {subprocess.py:93} INFO - 	---------------------------------------------------------------------
[2026-04-23T05:31:10.879+0000] {subprocess.py:93} INFO - 	|                  |            modules            ||   artifacts   |
[2026-04-23T05:31:10.881+0000] {subprocess.py:93} INFO - 	|       conf       | number| search|dwnlded|evicted|| number|dwnlded|
[2026-04-23T05:31:10.884+0000] {subprocess.py:93} INFO - 	---------------------------------------------------------------------
[2026-04-23T05:31:10.886+0000] {subprocess.py:93} INFO - 	|      default     |   2   |   0   |   0   |   0   ||   2   |   0   |
[2026-04-23T05:31:10.888+0000] {subprocess.py:93} INFO - 	---------------------------------------------------------------------
[2026-04-23T05:31:10.890+0000] {subprocess.py:93} INFO - :: retrieving :: org.apache.spark#spark-submit-parent-e33686a6-6cc3-4c4b-bbdf-d9846efafe08
[2026-04-23T05:31:10.892+0000] {subprocess.py:93} INFO - 	confs: [default]
[2026-04-23T05:31:10.894+0000] {subprocess.py:93} INFO - 	0 artifacts copied, 2 already retrieved (0kB/17ms)
[2026-04-23T05:31:11.616+0000] {subprocess.py:93} INFO - 26/04/23 05:31:11 WARN NativeCodeLoader: Unable to load native-hadoop library for your platform... using builtin-java classes where applicable
[2026-04-23T05:31:12.508+0000] {subprocess.py:93} INFO - Setting default log level to "WARN".
[2026-04-23T05:31:12.510+0000] {subprocess.py:93} INFO - To adjust logging level use sc.setLogLevel(newLevel). For SparkR, use setLogLevel(newLevel).
[2026-04-23T05:31:15.114+0000] {subprocess.py:93} INFO - 26/04/23 05:31:15 WARN Utils: Service 'SparkUI' could not bind on port 4040. Attempting port 4041.
[2026-04-23T05:31:15.116+0000] {subprocess.py:93} INFO - 26/04/23 05:31:15 WARN Utils: Service 'SparkUI' could not bind on port 4041. Attempting port 4042.
[2026-04-23T05:31:17.383+0000] {subprocess.py:93} INFO - INFO:__main__:Extracting products data from CSV...
[2026-04-23T05:31:32.580+0000] {subprocess.py:93} INFO - [Stage 0:>                                                          (0 + 1) / 1][Stage 0:===========================================================(1 + 0) / 1]                                                                                [Stage 1:>                                                          (0 + 1) / 1]                                                                                INFO:__main__:Extracted 6 raw records
[2026-04-23T05:31:32.587+0000] {subprocess.py:93} INFO - INFO:__main__:Starting transformation...
[2026-04-23T05:31:33.755+0000] {subprocess.py:93} INFO - INFO:__main__:After dropping nulls: 6 records
[2026-04-23T05:31:36.434+0000] {subprocess.py:93} INFO - [Stage 8:>                                                          (0 + 1) / 1]                                                                                INFO:__main__:After deduplication: 5 records
[2026-04-23T05:31:40.018+0000] {subprocess.py:93} INFO - INFO:__main__:Final clean record count: 5
[2026-04-23T05:31:40.021+0000] {subprocess.py:93} INFO - INFO:__main__:Loading products into PostgreSQL staging...
[2026-04-23T05:31:41.066+0000] {subprocess.py:93} INFO - Traceback (most recent call last):
[2026-04-23T05:31:41.067+0000] {subprocess.py:93} INFO -   File "spark_jobs/etl_products.py", line 99, in <module>
[2026-04-23T05:31:41.069+0000] {subprocess.py:93} INFO -     run()
[2026-04-23T05:31:41.070+0000] {subprocess.py:93} INFO -   File "spark_jobs/etl_products.py", line 93, in run
[2026-04-23T05:31:41.071+0000] {subprocess.py:93} INFO -     load(clean_df, db_url, db_properties)
[2026-04-23T05:31:41.072+0000] {subprocess.py:93} INFO -   File "spark_jobs/etl_products.py", line 72, in load
[2026-04-23T05:31:41.073+0000] {subprocess.py:93} INFO -     df.write \
[2026-04-23T05:31:41.074+0000] {subprocess.py:93} INFO -   File "/home/***/.local/lib/python3.8/site-packages/pyspark/sql/readwriter.py", line 1984, in jdbc
[2026-04-23T05:31:41.075+0000] {subprocess.py:93} INFO -     self.mode(mode)._jwrite.jdbc(url, table, jprop)
[2026-04-23T05:31:41.076+0000] {subprocess.py:93} INFO -   File "/home/***/.local/lib/python3.8/site-packages/py4j/java_gateway.py", line 1322, in __call__
[2026-04-23T05:31:41.078+0000] {subprocess.py:93} INFO -     return_value = get_return_value(
[2026-04-23T05:31:41.079+0000] {subprocess.py:93} INFO -   File "/home/***/.local/lib/python3.8/site-packages/pyspark/errors/exceptions/captured.py", line 179, in deco
[2026-04-23T05:31:41.080+0000] {subprocess.py:93} INFO -     return f(*a, **kw)
[2026-04-23T05:31:41.081+0000] {subprocess.py:93} INFO -   File "/home/***/.local/lib/python3.8/site-packages/py4j/protocol.py", line 326, in get_return_value
[2026-04-23T05:31:41.082+0000] {subprocess.py:93} INFO -     raise Py4JJavaError(
[2026-04-23T05:31:41.084+0000] {subprocess.py:93} INFO - py4j.protocol.Py4JJavaError: An error occurred while calling o107.jdbc.
[2026-04-23T05:31:41.085+0000] {subprocess.py:93} INFO - : org.postgresql.util.PSQLException: ERROR: cannot drop table staging.products because other objects depend on it
[2026-04-23T05:31:41.090+0000] {subprocess.py:93} INFO -   Detail: view analytics_staging.stg_products depends on table staging.products
[2026-04-23T05:31:41.092+0000] {subprocess.py:93} INFO -   Hint: Use DROP ... CASCADE to drop the dependent objects too.
[2026-04-23T05:31:41.094+0000] {subprocess.py:93} INFO - 	at org.postgresql.core.v3.QueryExecutorImpl.receiveErrorResponse(QueryExecutorImpl.java:2713)
[2026-04-23T05:31:41.096+0000] {subprocess.py:93} INFO - 	at org.postgresql.core.v3.QueryExecutorImpl.processResults(QueryExecutorImpl.java:2401)
[2026-04-23T05:31:41.097+0000] {subprocess.py:93} INFO - 	at org.postgresql.core.v3.QueryExecutorImpl.execute(QueryExecutorImpl.java:368)
[2026-04-23T05:31:41.098+0000] {subprocess.py:93} INFO - 	at org.postgresql.jdbc.PgStatement.executeInternal(PgStatement.java:498)
[2026-04-23T05:31:41.099+0000] {subprocess.py:93} INFO - 	at org.postgresql.jdbc.PgStatement.execute(PgStatement.java:415)
[2026-04-23T05:31:41.100+0000] {subprocess.py:93} INFO - 	at org.postgresql.jdbc.PgStatement.executeWithFlags(PgStatement.java:335)
[2026-04-23T05:31:41.101+0000] {subprocess.py:93} INFO - 	at org.postgresql.jdbc.PgStatement.executeCachedSql(PgStatement.java:321)
[2026-04-23T05:31:41.103+0000] {subprocess.py:93} INFO - 	at org.postgresql.jdbc.PgStatement.executeWithFlags(PgStatement.java:297)
[2026-04-23T05:31:41.104+0000] {subprocess.py:93} INFO - 	at org.postgresql.jdbc.PgStatement.executeUpdate(PgStatement.java:270)
[2026-04-23T05:31:41.105+0000] {subprocess.py:93} INFO - 	at org.apache.spark.sql.execution.datasources.jdbc.JdbcUtils$.executeStatement(JdbcUtils.scala:1094)
[2026-04-23T05:31:41.106+0000] {subprocess.py:93} INFO - 	at org.apache.spark.sql.execution.datasources.jdbc.JdbcUtils$.dropTable(JdbcUtils.scala:81)
[2026-04-23T05:31:41.107+0000] {subprocess.py:93} INFO - 	at org.apache.spark.sql.execution.datasources.jdbc.JdbcRelationProvider.createRelation(JdbcRelationProvider.scala:63)
[2026-04-23T05:31:41.111+0000] {subprocess.py:93} INFO - 	at org.apache.spark.sql.execution.datasources.SaveIntoDataSourceCommand.run(SaveIntoDataSourceCommand.scala:48)
[2026-04-23T05:31:41.112+0000] {subprocess.py:93} INFO - 	at org.apache.spark.sql.execution.command.ExecutedCommandExec.sideEffectResult$lzycompute(commands.scala:75)
[2026-04-23T05:31:41.114+0000] {subprocess.py:93} INFO - 	at org.apache.spark.sql.execution.command.ExecutedCommandExec.sideEffectResult(commands.scala:73)
[2026-04-23T05:31:41.116+0000] {subprocess.py:93} INFO - 	at org.apache.spark.sql.execution.command.ExecutedCommandExec.executeCollect(commands.scala:84)
[2026-04-23T05:31:41.117+0000] {subprocess.py:93} INFO - 	at org.apache.spark.sql.execution.QueryExecution$$anonfun$eagerlyExecuteCommands$1.$anonfun$applyOrElse$1(QueryExecution.scala:107)
[2026-04-23T05:31:41.118+0000] {subprocess.py:93} INFO - 	at org.apache.spark.sql.execution.SQLExecution$.$anonfun$withNewExecutionId$6(SQLExecution.scala:125)
[2026-04-23T05:31:41.120+0000] {subprocess.py:93} INFO - 	at org.apache.spark.sql.execution.SQLExecution$.withSQLConfPropagated(SQLExecution.scala:201)
[2026-04-23T05:31:41.121+0000] {subprocess.py:93} INFO - 	at org.apache.spark.sql.execution.SQLExecution$.$anonfun$withNewExecutionId$1(SQLExecution.scala:108)
[2026-04-23T05:31:41.122+0000] {subprocess.py:93} INFO - 	at org.apache.spark.sql.SparkSession.withActive(SparkSession.scala:900)
[2026-04-23T05:31:41.123+0000] {subprocess.py:93} INFO - 	at org.apache.spark.sql.execution.SQLExecution$.withNewExecutionId(SQLExecution.scala:66)
[2026-04-23T05:31:41.124+0000] {subprocess.py:93} INFO - 	at org.apache.spark.sql.execution.QueryExecution$$anonfun$eagerlyExecuteCommands$1.applyOrElse(QueryExecution.scala:107)
[2026-04-23T05:31:41.127+0000] {subprocess.py:93} INFO - 	at org.apache.spark.sql.execution.QueryExecution$$anonfun$eagerlyExecuteCommands$1.applyOrElse(QueryExecution.scala:98)
[2026-04-23T05:31:41.130+0000] {subprocess.py:93} INFO - 	at org.apache.spark.sql.catalyst.trees.TreeNode.$anonfun$transformDownWithPruning$1(TreeNode.scala:461)
[2026-04-23T05:31:41.132+0000] {subprocess.py:93} INFO - 	at org.apache.spark.sql.catalyst.trees.CurrentOrigin$.withOrigin(origin.scala:76)
[2026-04-23T05:31:41.134+0000] {subprocess.py:93} INFO - 	at org.apache.spark.sql.catalyst.trees.TreeNode.transformDownWithPruning(TreeNode.scala:461)
[2026-04-23T05:31:41.136+0000] {subprocess.py:93} INFO - 	at org.apache.spark.sql.catalyst.plans.logical.LogicalPlan.org$apache$spark$sql$catalyst$plans$logical$AnalysisHelper$$super$transformDownWithPruning(LogicalPlan.scala:32)
[2026-04-23T05:31:41.138+0000] {subprocess.py:93} INFO - 	at org.apache.spark.sql.catalyst.plans.logical.AnalysisHelper.transformDownWithPruning(AnalysisHelper.scala:267)
[2026-04-23T05:31:41.139+0000] {subprocess.py:93} INFO - 	at org.apache.spark.sql.catalyst.plans.logical.AnalysisHelper.transformDownWithPruning$(AnalysisHelper.scala:263)
[2026-04-23T05:31:41.140+0000] {subprocess.py:93} INFO - 	at org.apache.spark.sql.catalyst.plans.logical.LogicalPlan.transformDownWithPruning(LogicalPlan.scala:32)
[2026-04-23T05:31:41.141+0000] {subprocess.py:93} INFO - 	at org.apache.spark.sql.catalyst.plans.logical.LogicalPlan.transformDownWithPruning(LogicalPlan.scala:32)
[2026-04-23T05:31:41.142+0000] {subprocess.py:93} INFO - 	at org.apache.spark.sql.catalyst.trees.TreeNode.transformDown(TreeNode.scala:437)
[2026-04-23T05:31:41.143+0000] {subprocess.py:93} INFO - 	at org.apache.spark.sql.execution.QueryExecution.eagerlyExecuteCommands(QueryExecution.scala:98)
[2026-04-23T05:31:41.144+0000] {subprocess.py:93} INFO - 	at org.apache.spark.sql.execution.QueryExecution.commandExecuted$lzycompute(QueryExecution.scala:85)
[2026-04-23T05:31:41.146+0000] {subprocess.py:93} INFO - 	at org.apache.spark.sql.execution.QueryExecution.commandExecuted(QueryExecution.scala:83)
[2026-04-23T05:31:41.151+0000] {subprocess.py:93} INFO - 	at org.apache.spark.sql.execution.QueryExecution.assertCommandExecuted(QueryExecution.scala:142)
[2026-04-23T05:31:41.153+0000] {subprocess.py:93} INFO - 	at org.apache.spark.sql.DataFrameWriter.runCommand(DataFrameWriter.scala:859)
[2026-04-23T05:31:41.154+0000] {subprocess.py:93} INFO - 	at org.apache.spark.sql.DataFrameWriter.saveToV1Source(DataFrameWriter.scala:388)
[2026-04-23T05:31:41.156+0000] {subprocess.py:93} INFO - 	at org.apache.spark.sql.DataFrameWriter.saveInternal(DataFrameWriter.scala:361)
[2026-04-23T05:31:41.157+0000] {subprocess.py:93} INFO - 	at org.apache.spark.sql.DataFrameWriter.save(DataFrameWriter.scala:248)
[2026-04-23T05:31:41.158+0000] {subprocess.py:93} INFO - 	at org.apache.spark.sql.DataFrameWriter.jdbc(DataFrameWriter.scala:756)
[2026-04-23T05:31:41.159+0000] {subprocess.py:93} INFO - 	at java.base/jdk.internal.reflect.NativeMethodAccessorImpl.invoke0(Native Method)
[2026-04-23T05:31:41.163+0000] {subprocess.py:93} INFO - 	at java.base/jdk.internal.reflect.NativeMethodAccessorImpl.invoke(NativeMethodAccessorImpl.java:77)
[2026-04-23T05:31:41.174+0000] {subprocess.py:93} INFO - 	at java.base/jdk.internal.reflect.DelegatingMethodAccessorImpl.invoke(DelegatingMethodAccessorImpl.java:43)
[2026-04-23T05:31:41.176+0000] {subprocess.py:93} INFO - 	at java.base/java.lang.reflect.Method.invoke(Method.java:569)
[2026-04-23T05:31:41.177+0000] {subprocess.py:93} INFO - 	at py4j.reflection.MethodInvoker.invoke(MethodInvoker.java:244)
[2026-04-23T05:31:41.179+0000] {subprocess.py:93} INFO - 	at py4j.reflection.ReflectionEngine.invoke(ReflectionEngine.java:374)
[2026-04-23T05:31:41.180+0000] {subprocess.py:93} INFO - 	at py4j.Gateway.invoke(Gateway.java:282)
[2026-04-23T05:31:41.186+0000] {subprocess.py:93} INFO - 	at py4j.commands.AbstractCommand.invokeMethod(AbstractCommand.java:132)
[2026-04-23T05:31:41.192+0000] {subprocess.py:93} INFO - 	at py4j.commands.CallCommand.execute(CallCommand.java:79)
[2026-04-23T05:31:41.194+0000] {subprocess.py:93} INFO - 	at py4j.ClientServerConnection.waitForCommands(ClientServerConnection.java:182)
[2026-04-23T05:31:41.195+0000] {subprocess.py:93} INFO - 	at py4j.ClientServerConnection.run(ClientServerConnection.java:106)
[2026-04-23T05:31:41.197+0000] {subprocess.py:93} INFO - 	at java.base/java.lang.Thread.run(Thread.java:840)
[2026-04-23T05:31:41.200+0000] {subprocess.py:93} INFO - 
[2026-04-23T05:31:41.946+0000] {subprocess.py:97} INFO - Command exited with return code 1
[2026-04-23T05:31:42.127+0000] {taskinstance.py:2698} ERROR - Task failed with exception
Traceback (most recent call last):
  File "/home/airflow/.local/lib/python3.8/site-packages/airflow/models/taskinstance.py", line 433, in _execute_task
    result = execute_callable(context=context, **execute_callable_kwargs)
  File "/home/airflow/.local/lib/python3.8/site-packages/airflow/operators/bash.py", line 212, in execute
    raise AirflowException(
airflow.exceptions.AirflowException: Bash command failed. The command returned a non-zero exit code 1.
[2026-04-23T05:31:42.155+0000] {taskinstance.py:1138} INFO - Marking task as FAILED. dag_id=ecommerce_analytics_pipeline, task_id=run_products_etl, execution_date=20260422T000000, start_date=20260423T053054, end_date=20260423T053142
[2026-04-23T05:31:42.267+0000] {standard_task_runner.py:107} ERROR - Failed to execute job 29 for task run_products_etl (Bash command failed. The command returned a non-zero exit code 1.; 4173)
[2026-04-23T05:31:42.303+0000] {local_task_job_runner.py:234} INFO - Task exited with return code 1
[2026-04-23T05:31:42.491+0000] {taskinstance.py:3280} INFO - 0 downstream tasks scheduled from follow-on schedule check
