[2026-04-22T10:14:08.442+0000] {taskinstance.py:1956} INFO - Dependencies all met for dep_context=non-requeueable deps ti=<TaskInstance: ecommerce_analytics_pipeline.run_orders_etl manual__2026-04-22T10:14:05.156575+00:00 [queued]>
[2026-04-22T10:14:08.466+0000] {taskinstance.py:1956} INFO - Dependencies all met for dep_context=requeueable deps ti=<TaskInstance: ecommerce_analytics_pipeline.run_orders_etl manual__2026-04-22T10:14:05.156575+00:00 [queued]>
[2026-04-22T10:14:08.467+0000] {taskinstance.py:2170} INFO - Starting attempt 1 of 2
[2026-04-22T10:14:08.488+0000] {taskinstance.py:2191} INFO - Executing <Task(BashOperator): run_orders_etl> on 2026-04-22 10:14:05.156575+00:00
[2026-04-22T10:14:08.497+0000] {standard_task_runner.py:60} INFO - Started process 882 to run task
[2026-04-22T10:14:08.502+0000] {standard_task_runner.py:87} INFO - Running: ['***', 'tasks', 'run', 'ecommerce_analytics_pipeline', 'run_orders_etl', 'manual__2026-04-22T10:14:05.156575+00:00', '--job-id', '8', '--raw', '--subdir', 'DAGS_FOLDER/ecommerce_pipeline.py', '--cfg-path', '/tmp/tmp6xr2agts']
[2026-04-22T10:14:08.506+0000] {standard_task_runner.py:88} INFO - Job 8: Subtask run_orders_etl
[2026-04-22T10:14:08.620+0000] {task_command.py:423} INFO - Running <TaskInstance: ecommerce_analytics_pipeline.run_orders_etl manual__2026-04-22T10:14:05.156575+00:00 [running]> on host 5f98f2d03914
[2026-04-22T10:14:08.805+0000] {taskinstance.py:2480} INFO - Exporting env vars: AIRFLOW_CTX_DAG_OWNER='sarthak' AIRFLOW_CTX_DAG_ID='ecommerce_analytics_pipeline' AIRFLOW_CTX_TASK_ID='run_orders_etl' AIRFLOW_CTX_EXECUTION_DATE='2026-04-22T10:14:05.156575+00:00' AIRFLOW_CTX_TRY_NUMBER='1' AIRFLOW_CTX_DAG_RUN_ID='manual__2026-04-22T10:14:05.156575+00:00'
[2026-04-22T10:14:08.807+0000] {subprocess.py:63} INFO - Tmp dir root location: /tmp
[2026-04-22T10:14:08.809+0000] {subprocess.py:75} INFO - Running command: ['/usr/bin/bash', '-c', '\n            cd /opt/*** && python spark_jobs/etl_orders.py\n        ']
[2026-04-22T10:14:08.837+0000] {subprocess.py:86} INFO - Output:
[2026-04-22T10:14:12.635+0000] {subprocess.py:93} INFO - :: loading settings :: url = jar:file:/home/***/.local/lib/python3.8/site-packages/pyspark/jars/ivy-2.5.1.jar!/org/apache/ivy/core/settings/ivysettings.xml
[2026-04-22T10:14:12.846+0000] {subprocess.py:93} INFO - Ivy Default Cache set to: /home/***/.ivy2/cache
[2026-04-22T10:14:12.847+0000] {subprocess.py:93} INFO - The jars for the packages stored in: /home/***/.ivy2/jars
[2026-04-22T10:14:12.861+0000] {subprocess.py:93} INFO - org.postgresql#postgresql added as a dependency
[2026-04-22T10:14:12.864+0000] {subprocess.py:93} INFO - :: resolving dependencies :: org.apache.spark#spark-submit-parent-91fe63ab-778e-4afe-a740-fdfaa1f72caf;1.0
[2026-04-22T10:14:12.865+0000] {subprocess.py:93} INFO - 	confs: [default]
[2026-04-22T10:14:14.407+0000] {subprocess.py:93} INFO - 	found org.postgresql#postgresql;42.6.0 in central
[2026-04-22T10:14:14.643+0000] {subprocess.py:93} INFO - 	found org.checkerframework#checker-qual;3.31.0 in central
[2026-04-22T10:14:14.783+0000] {subprocess.py:93} INFO - downloading https://repo1.maven.org/maven2/org/postgresql/postgresql/42.6.0/postgresql-42.6.0.jar ...
[2026-04-22T10:14:15.115+0000] {subprocess.py:93} INFO - 	[SUCCESSFUL ] org.postgresql#postgresql;42.6.0!postgresql.jar (456ms)
[2026-04-22T10:14:15.161+0000] {subprocess.py:93} INFO - downloading https://repo1.maven.org/maven2/org/checkerframework/checker-qual/3.31.0/checker-qual-3.31.0.jar ...
[2026-04-22T10:14:15.218+0000] {subprocess.py:93} INFO - 	[SUCCESSFUL ] org.checkerframework#checker-qual;3.31.0!checker-qual.jar (98ms)
[2026-04-22T10:14:15.219+0000] {subprocess.py:93} INFO - :: resolution report :: resolve 1792ms :: artifacts dl 564ms
[2026-04-22T10:14:15.221+0000] {subprocess.py:93} INFO - 	:: modules in use:
[2026-04-22T10:14:15.222+0000] {subprocess.py:93} INFO - 	org.checkerframework#checker-qual;3.31.0 from central in [default]
[2026-04-22T10:14:15.223+0000] {subprocess.py:93} INFO - 	org.postgresql#postgresql;42.6.0 from central in [default]
[2026-04-22T10:14:15.224+0000] {subprocess.py:93} INFO - 	---------------------------------------------------------------------
[2026-04-22T10:14:15.225+0000] {subprocess.py:93} INFO - 	|                  |            modules            ||   artifacts   |
[2026-04-22T10:14:15.226+0000] {subprocess.py:93} INFO - 	|       conf       | number| search|dwnlded|evicted|| number|dwnlded|
[2026-04-22T10:14:15.227+0000] {subprocess.py:93} INFO - 	---------------------------------------------------------------------
[2026-04-22T10:14:15.228+0000] {subprocess.py:93} INFO - 	|      default     |   2   |   2   |   2   |   0   ||   2   |   2   |
[2026-04-22T10:14:15.229+0000] {subprocess.py:93} INFO - 	---------------------------------------------------------------------
[2026-04-22T10:14:15.229+0000] {subprocess.py:93} INFO - :: retrieving :: org.apache.spark#spark-submit-parent-91fe63ab-778e-4afe-a740-fdfaa1f72caf
[2026-04-22T10:14:15.230+0000] {subprocess.py:93} INFO - 	confs: [default]
[2026-04-22T10:14:15.253+0000] {subprocess.py:93} INFO - 	2 artifacts copied, 0 already retrieved (1274kB/25ms)
[2026-04-22T10:14:15.697+0000] {subprocess.py:93} INFO - 26/04/22 10:14:15 WARN NativeCodeLoader: Unable to load native-hadoop library for your platform... using builtin-java classes where applicable
[2026-04-22T10:14:16.183+0000] {subprocess.py:93} INFO - Setting default log level to "WARN".
[2026-04-22T10:14:16.185+0000] {subprocess.py:93} INFO - To adjust logging level use sc.setLogLevel(newLevel). For SparkR, use setLogLevel(newLevel).
[2026-04-22T10:14:18.696+0000] {subprocess.py:93} INFO - INFO:__main__:Extracting orders data from CSV...
[2026-04-22T10:14:26.903+0000] {subprocess.py:93} INFO - INFO:__main__:Extracted 15 raw records
[2026-04-22T10:14:26.908+0000] {subprocess.py:93} INFO - INFO:__main__:Starting transformation...
[2026-04-22T10:14:27.271+0000] {subprocess.py:93} INFO - INFO:__main__:After dropping nulls: 13 records
[2026-04-22T10:14:28.091+0000] {subprocess.py:93} INFO - INFO:__main__:After deduplication: 13 records
[2026-04-22T10:14:29.221+0000] {subprocess.py:93} INFO - INFO:__main__:Final clean record count: 13
[2026-04-22T10:14:29.224+0000] {subprocess.py:93} INFO - INFO:__main__:Loading orders into PostgreSQL staging...
[2026-04-22T10:14:30.567+0000] {subprocess.py:93} INFO - INFO:__main__:Orders loaded successfully!
[2026-04-22T10:14:30.981+0000] {subprocess.py:93} INFO - INFO:__main__:Orders ETL complete!
[2026-04-22T10:14:31.501+0000] {subprocess.py:97} INFO - Command exited with return code 0
[2026-04-22T10:14:31.552+0000] {taskinstance.py:1138} INFO - Marking task as SUCCESS. dag_id=ecommerce_analytics_pipeline, task_id=run_orders_etl, execution_date=20260422T101405, start_date=20260422T101408, end_date=20260422T101431
[2026-04-22T10:14:31.583+0000] {local_task_job_runner.py:234} INFO - Task exited with return code 0
[2026-04-22T10:14:31.618+0000] {taskinstance.py:3280} INFO - 0 downstream tasks scheduled from follow-on schedule check
