[2026-04-22T10:18:32.486+0000] {taskinstance.py:1956} INFO - Dependencies all met for dep_context=non-requeueable deps ti=<TaskInstance: ecommerce_analytics_pipeline.generate_dbt_docs scheduled__2026-04-21T00:00:00+00:00 [queued]>
[2026-04-22T10:18:32.502+0000] {taskinstance.py:1956} INFO - Dependencies all met for dep_context=requeueable deps ti=<TaskInstance: ecommerce_analytics_pipeline.generate_dbt_docs scheduled__2026-04-21T00:00:00+00:00 [queued]>
[2026-04-22T10:18:32.504+0000] {taskinstance.py:2170} INFO - Starting attempt 1 of 2
[2026-04-22T10:18:32.525+0000] {taskinstance.py:2191} INFO - Executing <Task(BashOperator): generate_dbt_docs> on 2026-04-21 00:00:00+00:00
[2026-04-22T10:18:32.533+0000] {standard_task_runner.py:60} INFO - Started process 2974 to run task
[2026-04-22T10:18:32.538+0000] {standard_task_runner.py:87} INFO - Running: ['***', 'tasks', 'run', 'ecommerce_analytics_pipeline', 'generate_dbt_docs', 'scheduled__2026-04-21T00:00:00+00:00', '--job-id', '22', '--raw', '--subdir', 'DAGS_FOLDER/ecommerce_pipeline.py', '--cfg-path', '/tmp/tmpargwv1dx']
[2026-04-22T10:18:32.542+0000] {standard_task_runner.py:88} INFO - Job 22: Subtask generate_dbt_docs
[2026-04-22T10:18:32.652+0000] {task_command.py:423} INFO - Running <TaskInstance: ecommerce_analytics_pipeline.generate_dbt_docs scheduled__2026-04-21T00:00:00+00:00 [running]> on host 5f98f2d03914
[2026-04-22T10:18:32.806+0000] {taskinstance.py:2480} INFO - Exporting env vars: AIRFLOW_CTX_DAG_OWNER='sarthak' AIRFLOW_CTX_DAG_ID='ecommerce_analytics_pipeline' AIRFLOW_CTX_TASK_ID='generate_dbt_docs' AIRFLOW_CTX_EXECUTION_DATE='2026-04-21T00:00:00+00:00' AIRFLOW_CTX_TRY_NUMBER='1' AIRFLOW_CTX_DAG_RUN_ID='scheduled__2026-04-21T00:00:00+00:00'
[2026-04-22T10:18:32.809+0000] {subprocess.py:63} INFO - Tmp dir root location: /tmp
[2026-04-22T10:18:32.812+0000] {subprocess.py:75} INFO - Running command: ['/usr/bin/bash', '-c', '\n            cd /opt/***/dbt_project &&             dbt docs generate --profiles-dir .\n        ']
[2026-04-22T10:18:32.830+0000] {subprocess.py:86} INFO - Output:
[2026-04-22T10:18:38.447+0000] {subprocess.py:93} INFO - [0m10:18:38  Running with dbt=1.7.0
[2026-04-22T10:18:39.081+0000] {subprocess.py:93} INFO - [0m10:18:39  Registered adapter: postgres=1.7.0
[2026-04-22T10:18:39.615+0000] {subprocess.py:93} INFO - [0m10:18:39  Found 6 models, 17 tests, 0 sources, 0 exposures, 0 metrics, 401 macros, 0 groups, 0 semantic models
[2026-04-22T10:18:39.620+0000] {subprocess.py:93} INFO - [0m10:18:39
[2026-04-22T10:18:39.804+0000] {subprocess.py:93} INFO - [0m10:18:39  Concurrency: 4 threads (target='dev')
[2026-04-22T10:18:39.806+0000] {subprocess.py:93} INFO - [0m10:18:39
[2026-04-22T10:18:40.602+0000] {subprocess.py:93} INFO - [0m10:18:40  Building catalog
[2026-04-22T10:18:40.730+0000] {subprocess.py:93} INFO - [0m10:18:40  Catalog written to /opt/***/dbt_project/target/catalog.json
[2026-04-22T10:18:42.449+0000] {subprocess.py:97} INFO - Command exited with return code 0
[2026-04-22T10:18:42.506+0000] {taskinstance.py:1138} INFO - Marking task as SUCCESS. dag_id=ecommerce_analytics_pipeline, task_id=generate_dbt_docs, execution_date=20260421T000000, start_date=20260422T101832, end_date=20260422T101842
[2026-04-22T10:18:42.558+0000] {local_task_job_runner.py:234} INFO - Task exited with return code 0
[2026-04-22T10:18:42.588+0000] {taskinstance.py:3280} INFO - 0 downstream tasks scheduled from follow-on schedule check
