[2026-04-22T10:17:51.839+0000] {taskinstance.py:1956} INFO - Dependencies all met for dep_context=non-requeueable deps ti=<TaskInstance: ecommerce_analytics_pipeline.run_dbt_staging manual__2026-04-22T10:14:05.156575+00:00 [queued]>
[2026-04-22T10:17:51.862+0000] {taskinstance.py:1956} INFO - Dependencies all met for dep_context=requeueable deps ti=<TaskInstance: ecommerce_analytics_pipeline.run_dbt_staging manual__2026-04-22T10:14:05.156575+00:00 [queued]>
[2026-04-22T10:17:51.863+0000] {taskinstance.py:2170} INFO - Starting attempt 1 of 2
[2026-04-22T10:17:51.896+0000] {taskinstance.py:2191} INFO - Executing <Task(BashOperator): run_dbt_staging> on 2026-04-22 10:14:05.156575+00:00
[2026-04-22T10:17:51.908+0000] {standard_task_runner.py:60} INFO - Started process 2877 to run task
[2026-04-22T10:17:51.935+0000] {standard_task_runner.py:87} INFO - Running: ['***', 'tasks', 'run', 'ecommerce_analytics_pipeline', 'run_dbt_staging', 'manual__2026-04-22T10:14:05.156575+00:00', '--job-id', '15', '--raw', '--subdir', 'DAGS_FOLDER/ecommerce_pipeline.py', '--cfg-path', '/tmp/tmp783otcyd']
[2026-04-22T10:17:51.940+0000] {standard_task_runner.py:88} INFO - Job 15: Subtask run_dbt_staging
[2026-04-22T10:17:52.221+0000] {task_command.py:423} INFO - Running <TaskInstance: ecommerce_analytics_pipeline.run_dbt_staging manual__2026-04-22T10:14:05.156575+00:00 [running]> on host 5f98f2d03914
[2026-04-22T10:17:52.577+0000] {taskinstance.py:2480} INFO - Exporting env vars: AIRFLOW_CTX_DAG_OWNER='sarthak' AIRFLOW_CTX_DAG_ID='ecommerce_analytics_pipeline' AIRFLOW_CTX_TASK_ID='run_dbt_staging' AIRFLOW_CTX_EXECUTION_DATE='2026-04-22T10:14:05.156575+00:00' AIRFLOW_CTX_TRY_NUMBER='1' AIRFLOW_CTX_DAG_RUN_ID='manual__2026-04-22T10:14:05.156575+00:00'
[2026-04-22T10:17:52.581+0000] {subprocess.py:63} INFO - Tmp dir root location: /tmp
[2026-04-22T10:17:52.584+0000] {subprocess.py:75} INFO - Running command: ['/usr/bin/bash', '-c', '\n            cd /opt/***/dbt_project &&             dbt run --select staging --profiles-dir .\n        ']
[2026-04-22T10:17:52.607+0000] {subprocess.py:86} INFO - Output:
[2026-04-22T10:18:01.458+0000] {subprocess.py:93} INFO - [0m10:18:01  Running with dbt=1.7.0
[2026-04-22T10:18:02.790+0000] {subprocess.py:93} INFO - [0m10:18:02  Registered adapter: postgres=1.7.0
[2026-04-22T10:18:03.538+0000] {subprocess.py:93} INFO - [0m10:18:03  Found 6 models, 17 tests, 0 sources, 0 exposures, 0 metrics, 401 macros, 0 groups, 0 semantic models
[2026-04-22T10:18:03.544+0000] {subprocess.py:93} INFO - [0m10:18:03
[2026-04-22T10:18:03.848+0000] {subprocess.py:93} INFO - [0m10:18:03  Concurrency: 4 threads (target='dev')
[2026-04-22T10:18:03.855+0000] {subprocess.py:93} INFO - [0m10:18:03
[2026-04-22T10:18:03.887+0000] {subprocess.py:93} INFO - [0m10:18:03  1 of 3 START sql view model analytics_staging.stg_customers .................... [RUN]
[2026-04-22T10:18:03.890+0000] {subprocess.py:93} INFO - [0m10:18:03  2 of 3 START sql view model analytics_staging.stg_orders ....................... [RUN]
[2026-04-22T10:18:03.894+0000] {subprocess.py:93} INFO - [0m10:18:03  3 of 3 START sql view model analytics_staging.stg_products ..................... [RUN]
[2026-04-22T10:18:04.607+0000] {subprocess.py:93} INFO - [0m10:18:04  3 of 3 OK created sql view model analytics_staging.stg_products ................ [[32mCREATE VIEW[0m in 0.70s]
[2026-04-22T10:18:04.610+0000] {subprocess.py:93} INFO - [0m10:18:04  2 of 3 OK created sql view model analytics_staging.stg_orders .................. [[32mCREATE VIEW[0m in 0.70s]
[2026-04-22T10:18:04.613+0000] {subprocess.py:93} INFO - [0m10:18:04  1 of 3 OK created sql view model analytics_staging.stg_customers ............... [[32mCREATE VIEW[0m in 0.71s]
[2026-04-22T10:18:04.692+0000] {subprocess.py:93} INFO - [0m10:18:04
[2026-04-22T10:18:04.695+0000] {subprocess.py:93} INFO - [0m10:18:04  Finished running 3 view models in 0 hours 0 minutes and 1.15 seconds (1.15s).
[2026-04-22T10:18:04.989+0000] {subprocess.py:93} INFO - [0m10:18:04
[2026-04-22T10:18:05.005+0000] {subprocess.py:93} INFO - [0m10:18:04  [32mCompleted successfully[0m
[2026-04-22T10:18:05.024+0000] {subprocess.py:93} INFO - [0m10:18:05
[2026-04-22T10:18:05.026+0000] {subprocess.py:93} INFO - [0m10:18:05  Done. PASS=3 WARN=0 ERROR=0 SKIP=0 TOTAL=3
[2026-04-22T10:18:06.923+0000] {subprocess.py:97} INFO - Command exited with return code 0
[2026-04-22T10:18:06.993+0000] {taskinstance.py:1138} INFO - Marking task as SUCCESS. dag_id=ecommerce_analytics_pipeline, task_id=run_dbt_staging, execution_date=20260422T101405, start_date=20260422T101751, end_date=20260422T101806
[2026-04-22T10:18:07.043+0000] {local_task_job_runner.py:234} INFO - Task exited with return code 0
[2026-04-22T10:18:07.094+0000] {taskinstance.py:3280} INFO - 1 downstream tasks scheduled from follow-on schedule check
