[2026-04-22T10:18:39.714+0000] {taskinstance.py:1956} INFO - Dependencies all met for dep_context=non-requeueable deps ti=<TaskInstance: ecommerce_analytics_pipeline.generate_dbt_docs manual__2026-04-22T10:14:05.156575+00:00 [queued]>
[2026-04-22T10:18:39.731+0000] {taskinstance.py:1956} INFO - Dependencies all met for dep_context=requeueable deps ti=<TaskInstance: ecommerce_analytics_pipeline.generate_dbt_docs manual__2026-04-22T10:14:05.156575+00:00 [queued]>
[2026-04-22T10:18:39.732+0000] {taskinstance.py:2170} INFO - Starting attempt 1 of 2
[2026-04-22T10:18:39.754+0000] {taskinstance.py:2191} INFO - Executing <Task(BashOperator): generate_dbt_docs> on 2026-04-22 10:14:05.156575+00:00
[2026-04-22T10:18:39.763+0000] {standard_task_runner.py:60} INFO - Started process 2990 to run task
[2026-04-22T10:18:39.768+0000] {standard_task_runner.py:87} INFO - Running: ['***', 'tasks', 'run', 'ecommerce_analytics_pipeline', 'generate_dbt_docs', 'manual__2026-04-22T10:14:05.156575+00:00', '--job-id', '23', '--raw', '--subdir', 'DAGS_FOLDER/ecommerce_pipeline.py', '--cfg-path', '/tmp/tmpym3e3lvk']
[2026-04-22T10:18:39.773+0000] {standard_task_runner.py:88} INFO - Job 23: Subtask generate_dbt_docs
[2026-04-22T10:18:39.878+0000] {task_command.py:423} INFO - Running <TaskInstance: ecommerce_analytics_pipeline.generate_dbt_docs manual__2026-04-22T10:14:05.156575+00:00 [running]> on host 5f98f2d03914
[2026-04-22T10:18:40.046+0000] {taskinstance.py:2480} INFO - Exporting env vars: AIRFLOW_CTX_DAG_OWNER='sarthak' AIRFLOW_CTX_DAG_ID='ecommerce_analytics_pipeline' AIRFLOW_CTX_TASK_ID='generate_dbt_docs' AIRFLOW_CTX_EXECUTION_DATE='2026-04-22T10:14:05.156575+00:00' AIRFLOW_CTX_TRY_NUMBER='1' AIRFLOW_CTX_DAG_RUN_ID='manual__2026-04-22T10:14:05.156575+00:00'
[2026-04-22T10:18:40.048+0000] {subprocess.py:63} INFO - Tmp dir root location: /tmp
[2026-04-22T10:18:40.050+0000] {subprocess.py:75} INFO - Running command: ['/usr/bin/bash', '-c', '\n            cd /opt/***/dbt_project &&             dbt docs generate --profiles-dir .\n        ']
[2026-04-22T10:18:40.069+0000] {subprocess.py:86} INFO - Output:
[2026-04-22T10:18:44.513+0000] {subprocess.py:93} INFO - [0m10:18:44  Running with dbt=1.7.0
[2026-04-22T10:18:45.056+0000] {subprocess.py:93} INFO - [0m10:18:45  Registered adapter: postgres=1.7.0
[2026-04-22T10:18:45.637+0000] {subprocess.py:93} INFO - [0m10:18:45  Found 6 models, 17 tests, 0 sources, 0 exposures, 0 metrics, 401 macros, 0 groups, 0 semantic models
[2026-04-22T10:18:45.643+0000] {subprocess.py:93} INFO - [0m10:18:45
[2026-04-22T10:18:45.812+0000] {subprocess.py:93} INFO - [0m10:18:45  Concurrency: 4 threads (target='dev')
[2026-04-22T10:18:45.815+0000] {subprocess.py:93} INFO - [0m10:18:45
[2026-04-22T10:18:46.549+0000] {subprocess.py:93} INFO - [0m10:18:46  Building catalog
[2026-04-22T10:18:46.663+0000] {subprocess.py:93} INFO - [0m10:18:46  Catalog written to /opt/***/dbt_project/target/catalog.json
[2026-04-22T10:18:48.397+0000] {subprocess.py:97} INFO - Command exited with return code 0
[2026-04-22T10:18:48.452+0000] {taskinstance.py:1138} INFO - Marking task as SUCCESS. dag_id=ecommerce_analytics_pipeline, task_id=generate_dbt_docs, execution_date=20260422T101405, start_date=20260422T101839, end_date=20260422T101848
[2026-04-22T10:18:48.484+0000] {local_task_job_runner.py:234} INFO - Task exited with return code 0
[2026-04-22T10:18:48.518+0000] {taskinstance.py:3280} INFO - 0 downstream tasks scheduled from follow-on schedule check
