[2026-04-23T05:30:54.437+0000] {taskinstance.py:1956} INFO - Dependencies all met for dep_context=non-requeueable deps ti=<TaskInstance: ecommerce_analytics_pipeline.run_customers_etl scheduled__2026-04-22T00:00:00+00:00 [queued]>
[2026-04-23T05:30:54.487+0000] {taskinstance.py:1956} INFO - Dependencies all met for dep_context=requeueable deps ti=<TaskInstance: ecommerce_analytics_pipeline.run_customers_etl scheduled__2026-04-22T00:00:00+00:00 [queued]>
[2026-04-23T05:30:54.489+0000] {taskinstance.py:2170} INFO - Starting attempt 2 of 2
[2026-04-23T05:30:54.553+0000] {taskinstance.py:2191} INFO - Executing <Task(BashOperator): run_customers_etl> on 2026-04-22 00:00:00+00:00
[2026-04-23T05:30:54.572+0000] {standard_task_runner.py:60} INFO - Started process 4171 to run task
[2026-04-23T05:30:54.644+0000] {standard_task_runner.py:87} INFO - Running: ['***', 'tasks', 'run', 'ecommerce_analytics_pipeline', 'run_customers_etl', 'scheduled__2026-04-22T00:00:00+00:00', '--job-id', '27', '--raw', '--subdir', 'DAGS_FOLDER/ecommerce_pipeline.py', '--cfg-path', '/tmp/tmpf5szhcq6']
[2026-04-23T05:30:54.674+0000] {standard_task_runner.py:88} INFO - Job 27: Subtask run_customers_etl
[2026-04-23T05:30:55.339+0000] {task_command.py:423} INFO - Running <TaskInstance: ecommerce_analytics_pipeline.run_customers_etl scheduled__2026-04-22T00:00:00+00:00 [running]> on host 5f98f2d03914
[2026-04-23T05:30:56.156+0000] {taskinstance.py:2480} INFO - Exporting env vars: AIRFLOW_CTX_DAG_OWNER='sarthak' AIRFLOW_CTX_DAG_ID='ecommerce_analytics_pipeline' AIRFLOW_CTX_TASK_ID='run_customers_etl' AIRFLOW_CTX_EXECUTION_DATE='2026-04-22T00:00:00+00:00' AIRFLOW_CTX_TRY_NUMBER='2' AIRFLOW_CTX_DAG_RUN_ID='scheduled__2026-04-22T00:00:00+00:00'
[2026-04-23T05:30:56.170+0000] {subprocess.py:63} INFO - Tmp dir root location: /tmp
[2026-04-23T05:30:56.182+0000] {subprocess.py:75} INFO - Running command: ['/usr/bin/bash', '-c', '\n            cd /opt/*** && python spark_jobs/etl_customers.py\n        ']
[2026-04-23T05:30:56.305+0000] {subprocess.py:86} INFO - Output:
[2026-04-23T05:31:09.999+0000] {subprocess.py:93} INFO - :: loading settings :: url = jar:file:/home/***/.local/lib/python3.8/site-packages/pyspark/jars/ivy-2.5.1.jar!/org/apache/ivy/core/settings/ivysettings.xml
[2026-04-23T05:31:10.316+0000] {subprocess.py:93} INFO - Ivy Default Cache set to: /home/***/.ivy2/cache
[2026-04-23T05:31:10.329+0000] {subprocess.py:93} INFO - The jars for the packages stored in: /home/***/.ivy2/jars
[2026-04-23T05:31:10.332+0000] {subprocess.py:93} INFO - org.postgresql#postgresql added as a dependency
[2026-04-23T05:31:10.341+0000] {subprocess.py:93} INFO - :: resolving dependencies :: org.apache.spark#spark-submit-parent-c851eed5-0d03-4dec-9677-38bbf6eeb15d;1.0
[2026-04-23T05:31:10.343+0000] {subprocess.py:93} INFO - 	confs: [default]
[2026-04-23T05:31:10.687+0000] {subprocess.py:93} INFO - 	found org.postgresql#postgresql;42.6.0 in central
[2026-04-23T05:31:10.836+0000] {subprocess.py:93} INFO - 	found org.checkerframework#checker-qual;3.31.0 in central
[2026-04-23T05:31:10.920+0000] {subprocess.py:93} INFO - :: resolution report :: resolve 575ms :: artifacts dl 14ms
[2026-04-23T05:31:10.931+0000] {subprocess.py:93} INFO - 	:: modules in use:
[2026-04-23T05:31:10.933+0000] {subprocess.py:93} INFO - 	org.checkerframework#checker-qual;3.31.0 from central in [default]
[2026-04-23T05:31:10.934+0000] {subprocess.py:93} INFO - 	org.postgresql#postgresql;42.6.0 from central in [default]
[2026-04-23T05:31:10.936+0000] {subprocess.py:93} INFO - 	---------------------------------------------------------------------
[2026-04-23T05:31:10.937+0000] {subprocess.py:93} INFO - 	|                  |            modules            ||   artifacts   |
[2026-04-23T05:31:10.938+0000] {subprocess.py:93} INFO - 	|       conf       | number| search|dwnlded|evicted|| number|dwnlded|
[2026-04-23T05:31:10.940+0000] {subprocess.py:93} INFO - 	---------------------------------------------------------------------
[2026-04-23T05:31:10.941+0000] {subprocess.py:93} INFO - 	|      default     |   2   |   0   |   0   |   0   ||   2   |   0   |
[2026-04-23T05:31:10.943+0000] {subprocess.py:93} INFO - 	---------------------------------------------------------------------
[2026-04-23T05:31:10.945+0000] {subprocess.py:93} INFO - :: retrieving :: org.apache.spark#spark-submit-parent-c851eed5-0d03-4dec-9677-38bbf6eeb15d
[2026-04-23T05:31:10.952+0000] {subprocess.py:93} INFO - 	confs: [default]
[2026-04-23T05:31:10.958+0000] {subprocess.py:93} INFO - 	0 artifacts copied, 2 already retrieved (0kB/18ms)
[2026-04-23T05:31:11.631+0000] {subprocess.py:93} INFO - 26/04/23 05:31:11 WARN NativeCodeLoader: Unable to load native-hadoop library for your platform... using builtin-java classes where applicable
[2026-04-23T05:31:12.476+0000] {subprocess.py:93} INFO - Setting default log level to "WARN".
[2026-04-23T05:31:12.477+0000] {subprocess.py:93} INFO - To adjust logging level use sc.setLogLevel(newLevel). For SparkR, use setLogLevel(newLevel).
[2026-04-23T05:31:17.374+0000] {subprocess.py:93} INFO - INFO:__main__:Extracting customers data from CSV...
[2026-04-23T05:31:32.624+0000] {subprocess.py:93} INFO - [Stage 0:>                                                          (0 + 1) / 1]                                                                                [Stage 1:>                                                          (0 + 1) / 1]                                                                                INFO:__main__:Extracted 8 raw records
[2026-04-23T05:31:32.629+0000] {subprocess.py:93} INFO - INFO:__main__:Starting transformation...
[2026-04-23T05:31:33.913+0000] {subprocess.py:93} INFO - INFO:__main__:After dropping nulls: 8 records
[2026-04-23T05:31:37.251+0000] {subprocess.py:93} INFO - [Stage 8:>                                                          (0 + 1) / 1]                                                                                INFO:__main__:After deduplication: 7 records
[2026-04-23T05:31:40.543+0000] {subprocess.py:93} INFO - [Stage 14:>                                                         (0 + 1) / 1]                                                                                INFO:__main__:Final clean record count: 7
[2026-04-23T05:31:40.546+0000] {subprocess.py:93} INFO - INFO:__main__:Loading customers into PostgreSQL staging...
[2026-04-23T05:31:41.429+0000] {subprocess.py:93} INFO - Traceback (most recent call last):
[2026-04-23T05:31:41.430+0000] {subprocess.py:93} INFO -   File "spark_jobs/etl_customers.py", line 88, in <module>
[2026-04-23T05:31:41.434+0000] {subprocess.py:93} INFO -     run()
[2026-04-23T05:31:41.436+0000] {subprocess.py:93} INFO -   File "spark_jobs/etl_customers.py", line 82, in run
[2026-04-23T05:31:41.438+0000] {subprocess.py:93} INFO -     load(clean_df, db_url, db_properties)
[2026-04-23T05:31:41.442+0000] {subprocess.py:93} INFO -   File "spark_jobs/etl_customers.py", line 61, in load
[2026-04-23T05:31:41.445+0000] {subprocess.py:93} INFO -     df.write \
[2026-04-23T05:31:41.446+0000] {subprocess.py:93} INFO -   File "/home/***/.local/lib/python3.8/site-packages/pyspark/sql/readwriter.py", line 1984, in jdbc
[2026-04-23T05:31:41.451+0000] {subprocess.py:93} INFO -     self.mode(mode)._jwrite.jdbc(url, table, jprop)
[2026-04-23T05:31:41.452+0000] {subprocess.py:93} INFO -   File "/home/***/.local/lib/python3.8/site-packages/py4j/java_gateway.py", line 1322, in __call__
[2026-04-23T05:31:41.453+0000] {subprocess.py:93} INFO -     return_value = get_return_value(
[2026-04-23T05:31:41.454+0000] {subprocess.py:93} INFO -   File "/home/***/.local/lib/python3.8/site-packages/pyspark/errors/exceptions/captured.py", line 179, in deco
[2026-04-23T05:31:41.455+0000] {subprocess.py:93} INFO -     return f(*a, **kw)
[2026-04-23T05:31:41.456+0000] {subprocess.py:93} INFO -   File "/home/***/.local/lib/python3.8/site-packages/py4j/protocol.py", line 326, in get_return_value
[2026-04-23T05:31:41.457+0000] {subprocess.py:93} INFO -     raise Py4JJavaError(
[2026-04-23T05:31:41.458+0000] {subprocess.py:93} INFO - py4j.protocol.Py4JJavaError: An error occurred while calling o72.jdbc.
[2026-04-23T05:31:41.459+0000] {subprocess.py:93} INFO - : org.postgresql.util.PSQLException: ERROR: cannot drop table staging.customers because other objects depend on it
[2026-04-23T05:31:41.460+0000] {subprocess.py:93} INFO -   Detail: view analytics_staging.stg_customers depends on table staging.customers
[2026-04-23T05:31:41.462+0000] {subprocess.py:93} INFO -   Hint: Use DROP ... CASCADE to drop the dependent objects too.
[2026-04-23T05:31:41.463+0000] {subprocess.py:93} INFO - 	at org.postgresql.core.v3.QueryExecutorImpl.receiveErrorResponse(QueryExecutorImpl.java:2713)
[2026-04-23T05:31:41.464+0000] {subprocess.py:93} INFO - 	at org.postgresql.core.v3.QueryExecutorImpl.processResults(QueryExecutorImpl.java:2401)
[2026-04-23T05:31:41.465+0000] {subprocess.py:93} INFO - 	at org.postgresql.core.v3.QueryExecutorImpl.execute(QueryExecutorImpl.java:368)
[2026-04-23T05:31:41.466+0000] {subprocess.py:93} INFO - 	at org.postgresql.jdbc.PgStatement.executeInternal(PgStatement.java:498)
[2026-04-23T05:31:41.467+0000] {subprocess.py:93} INFO - 	at org.postgresql.jdbc.PgStatement.execute(PgStatement.java:415)
[2026-04-23T05:31:41.469+0000] {subprocess.py:93} INFO - 	at org.postgresql.jdbc.PgStatement.executeWithFlags(PgStatement.java:335)
[2026-04-23T05:31:41.471+0000] {subprocess.py:93} INFO - 	at org.postgresql.jdbc.PgStatement.executeCachedSql(PgStatement.java:321)
[2026-04-23T05:31:41.473+0000] {subprocess.py:93} INFO - 	at org.postgresql.jdbc.PgStatement.executeWithFlags(PgStatement.java:297)
[2026-04-23T05:31:41.475+0000] {subprocess.py:93} INFO - 	at org.postgresql.jdbc.PgStatement.executeUpdate(PgStatement.java:270)
[2026-04-23T05:31:41.476+0000] {subprocess.py:93} INFO - 	at org.apache.spark.sql.execution.datasources.jdbc.JdbcUtils$.executeStatement(JdbcUtils.scala:1094)
[2026-04-23T05:31:41.477+0000] {subprocess.py:93} INFO - 	at org.apache.spark.sql.execution.datasources.jdbc.JdbcUtils$.dropTable(JdbcUtils.scala:81)
[2026-04-23T05:31:41.479+0000] {subprocess.py:93} INFO - 	at org.apache.spark.sql.execution.datasources.jdbc.JdbcRelationProvider.createRelation(JdbcRelationProvider.scala:63)
[2026-04-23T05:31:41.480+0000] {subprocess.py:93} INFO - 	at org.apache.spark.sql.execution.datasources.SaveIntoDataSourceCommand.run(SaveIntoDataSourceCommand.scala:48)
[2026-04-23T05:31:41.481+0000] {subprocess.py:93} INFO - 	at org.apache.spark.sql.execution.command.ExecutedCommandExec.sideEffectResult$lzycompute(commands.scala:75)
[2026-04-23T05:31:41.483+0000] {subprocess.py:93} INFO - 	at org.apache.spark.sql.execution.command.ExecutedCommandExec.sideEffectResult(commands.scala:73)
[2026-04-23T05:31:41.484+0000] {subprocess.py:93} INFO - 	at org.apache.spark.sql.execution.command.ExecutedCommandExec.executeCollect(commands.scala:84)
[2026-04-23T05:31:41.486+0000] {subprocess.py:93} INFO - 	at org.apache.spark.sql.execution.QueryExecution$$anonfun$eagerlyExecuteCommands$1.$anonfun$applyOrElse$1(QueryExecution.scala:107)
[2026-04-23T05:31:41.488+0000] {subprocess.py:93} INFO - 	at org.apache.spark.sql.execution.SQLExecution$.$anonfun$withNewExecutionId$6(SQLExecution.scala:125)
[2026-04-23T05:31:41.489+0000] {subprocess.py:93} INFO - 	at org.apache.spark.sql.execution.SQLExecution$.withSQLConfPropagated(SQLExecution.scala:201)
[2026-04-23T05:31:41.495+0000] {subprocess.py:93} INFO - 	at org.apache.spark.sql.execution.SQLExecution$.$anonfun$withNewExecutionId$1(SQLExecution.scala:108)
[2026-04-23T05:31:41.496+0000] {subprocess.py:93} INFO - 	at org.apache.spark.sql.SparkSession.withActive(SparkSession.scala:900)
[2026-04-23T05:31:41.498+0000] {subprocess.py:93} INFO - 	at org.apache.spark.sql.execution.SQLExecution$.withNewExecutionId(SQLExecution.scala:66)
[2026-04-23T05:31:41.500+0000] {subprocess.py:93} INFO - 	at org.apache.spark.sql.execution.QueryExecution$$anonfun$eagerlyExecuteCommands$1.applyOrElse(QueryExecution.scala:107)
[2026-04-23T05:31:41.501+0000] {subprocess.py:93} INFO - 	at org.apache.spark.sql.execution.QueryExecution$$anonfun$eagerlyExecuteCommands$1.applyOrElse(QueryExecution.scala:98)
[2026-04-23T05:31:41.503+0000] {subprocess.py:93} INFO - 	at org.apache.spark.sql.catalyst.trees.TreeNode.$anonfun$transformDownWithPruning$1(TreeNode.scala:461)
[2026-04-23T05:31:41.504+0000] {subprocess.py:93} INFO - 	at org.apache.spark.sql.catalyst.trees.CurrentOrigin$.withOrigin(origin.scala:76)
[2026-04-23T05:31:41.505+0000] {subprocess.py:93} INFO - 	at org.apache.spark.sql.catalyst.trees.TreeNode.transformDownWithPruning(TreeNode.scala:461)
[2026-04-23T05:31:41.506+0000] {subprocess.py:93} INFO - 	at org.apache.spark.sql.catalyst.plans.logical.LogicalPlan.org$apache$spark$sql$catalyst$plans$logical$AnalysisHelper$$super$transformDownWithPruning(LogicalPlan.scala:32)
[2026-04-23T05:31:41.508+0000] {subprocess.py:93} INFO - 	at org.apache.spark.sql.catalyst.plans.logical.AnalysisHelper.transformDownWithPruning(AnalysisHelper.scala:267)
[2026-04-23T05:31:41.509+0000] {subprocess.py:93} INFO - 	at org.apache.spark.sql.catalyst.plans.logical.AnalysisHelper.transformDownWithPruning$(AnalysisHelper.scala:263)
[2026-04-23T05:31:41.510+0000] {subprocess.py:93} INFO - 	at org.apache.spark.sql.catalyst.plans.logical.LogicalPlan.transformDownWithPruning(LogicalPlan.scala:32)
[2026-04-23T05:31:41.512+0000] {subprocess.py:93} INFO - 	at org.apache.spark.sql.catalyst.plans.logical.LogicalPlan.transformDownWithPruning(LogicalPlan.scala:32)
[2026-04-23T05:31:41.513+0000] {subprocess.py:93} INFO - 	at org.apache.spark.sql.catalyst.trees.TreeNode.transformDown(TreeNode.scala:437)
[2026-04-23T05:31:41.514+0000] {subprocess.py:93} INFO - 	at org.apache.spark.sql.execution.QueryExecution.eagerlyExecuteCommands(QueryExecution.scala:98)
[2026-04-23T05:31:41.519+0000] {subprocess.py:93} INFO - 	at org.apache.spark.sql.execution.QueryExecution.commandExecuted$lzycompute(QueryExecution.scala:85)
[2026-04-23T05:31:41.520+0000] {subprocess.py:93} INFO - 	at org.apache.spark.sql.execution.QueryExecution.commandExecuted(QueryExecution.scala:83)
[2026-04-23T05:31:41.521+0000] {subprocess.py:93} INFO - 	at org.apache.spark.sql.execution.QueryExecution.assertCommandExecuted(QueryExecution.scala:142)
[2026-04-23T05:31:41.522+0000] {subprocess.py:93} INFO - 	at org.apache.spark.sql.DataFrameWriter.runCommand(DataFrameWriter.scala:859)
[2026-04-23T05:31:41.524+0000] {subprocess.py:93} INFO - 	at org.apache.spark.sql.DataFrameWriter.saveToV1Source(DataFrameWriter.scala:388)
[2026-04-23T05:31:41.525+0000] {subprocess.py:93} INFO - 	at org.apache.spark.sql.DataFrameWriter.saveInternal(DataFrameWriter.scala:361)
[2026-04-23T05:31:41.526+0000] {subprocess.py:93} INFO - 	at org.apache.spark.sql.DataFrameWriter.save(DataFrameWriter.scala:248)
[2026-04-23T05:31:41.528+0000] {subprocess.py:93} INFO - 	at org.apache.spark.sql.DataFrameWriter.jdbc(DataFrameWriter.scala:756)
[2026-04-23T05:31:41.529+0000] {subprocess.py:93} INFO - 	at java.base/jdk.internal.reflect.NativeMethodAccessorImpl.invoke0(Native Method)
[2026-04-23T05:31:41.531+0000] {subprocess.py:93} INFO - 	at java.base/jdk.internal.reflect.NativeMethodAccessorImpl.invoke(NativeMethodAccessorImpl.java:77)
[2026-04-23T05:31:41.532+0000] {subprocess.py:93} INFO - 	at java.base/jdk.internal.reflect.DelegatingMethodAccessorImpl.invoke(DelegatingMethodAccessorImpl.java:43)
[2026-04-23T05:31:41.533+0000] {subprocess.py:93} INFO - 	at java.base/java.lang.reflect.Method.invoke(Method.java:569)
[2026-04-23T05:31:41.535+0000] {subprocess.py:93} INFO - 	at py4j.reflection.MethodInvoker.invoke(MethodInvoker.java:244)
[2026-04-23T05:31:41.537+0000] {subprocess.py:93} INFO - 	at py4j.reflection.ReflectionEngine.invoke(ReflectionEngine.java:374)
[2026-04-23T05:31:41.538+0000] {subprocess.py:93} INFO - 	at py4j.Gateway.invoke(Gateway.java:282)
[2026-04-23T05:31:41.540+0000] {subprocess.py:93} INFO - 	at py4j.commands.AbstractCommand.invokeMethod(AbstractCommand.java:132)
[2026-04-23T05:31:41.542+0000] {subprocess.py:93} INFO - 	at py4j.commands.CallCommand.execute(CallCommand.java:79)
[2026-04-23T05:31:41.543+0000] {subprocess.py:93} INFO - 	at py4j.ClientServerConnection.waitForCommands(ClientServerConnection.java:182)
[2026-04-23T05:31:41.545+0000] {subprocess.py:93} INFO - 	at py4j.ClientServerConnection.run(ClientServerConnection.java:106)
[2026-04-23T05:31:41.546+0000] {subprocess.py:93} INFO - 	at java.base/java.lang.Thread.run(Thread.java:840)
[2026-04-23T05:31:41.547+0000] {subprocess.py:93} INFO - 
[2026-04-23T05:31:42.207+0000] {subprocess.py:97} INFO - Command exited with return code 1
[2026-04-23T05:31:42.369+0000] {taskinstance.py:2698} ERROR - Task failed with exception
Traceback (most recent call last):
  File "/home/airflow/.local/lib/python3.8/site-packages/airflow/models/taskinstance.py", line 433, in _execute_task
    result = execute_callable(context=context, **execute_callable_kwargs)
  File "/home/airflow/.local/lib/python3.8/site-packages/airflow/operators/bash.py", line 212, in execute
    raise AirflowException(
airflow.exceptions.AirflowException: Bash command failed. The command returned a non-zero exit code 1.
[2026-04-23T05:31:42.390+0000] {taskinstance.py:1138} INFO - Marking task as FAILED. dag_id=ecommerce_analytics_pipeline, task_id=run_customers_etl, execution_date=20260422T000000, start_date=20260423T053054, end_date=20260423T053142
[2026-04-23T05:31:42.471+0000] {standard_task_runner.py:107} ERROR - Failed to execute job 27 for task run_customers_etl (Bash command failed. The command returned a non-zero exit code 1.; 4171)
[2026-04-23T05:31:42.531+0000] {local_task_job_runner.py:234} INFO - Task exited with return code 1
[2026-04-23T05:31:42.643+0000] {taskinstance.py:3280} INFO - 0 downstream tasks scheduled from follow-on schedule check
