[2026-04-21T10:23:03.617+0000] {processor.py:161} INFO - Started process (PID=182) to work on /opt/airflow/dags/ecommerce_pipeline.py
[2026-04-21T10:23:03.622+0000] {processor.py:830} INFO - Processing file /opt/airflow/dags/ecommerce_pipeline.py for tasks to queue
[2026-04-21T10:23:03.642+0000] {logging_mixin.py:188} INFO - [2026-04-21T10:23:03.629+0000] {dagbag.py:538} INFO - Filling up the DagBag from /opt/airflow/dags/ecommerce_pipeline.py
[2026-04-21T10:23:04.007+0000] {processor.py:840} INFO - DAG(s) 'ecommerce_analytics_pipeline' retrieved from /opt/airflow/dags/ecommerce_pipeline.py
[2026-04-21T10:23:05.056+0000] {logging_mixin.py:188} INFO - [2026-04-21T10:23:05.055+0000] {override.py:1769} INFO - Created Permission View: can read on DAG:ecommerce_analytics_pipeline
[2026-04-21T10:23:05.071+0000] {logging_mixin.py:188} INFO - [2026-04-21T10:23:05.070+0000] {override.py:1769} INFO - Created Permission View: can delete on DAG:ecommerce_analytics_pipeline
[2026-04-21T10:23:05.082+0000] {logging_mixin.py:188} INFO - [2026-04-21T10:23:05.082+0000] {override.py:1769} INFO - Created Permission View: can edit on DAG:ecommerce_analytics_pipeline
[2026-04-21T10:23:05.084+0000] {logging_mixin.py:188} INFO - [2026-04-21T10:23:05.083+0000] {dag.py:3036} INFO - Sync 1 DAGs
[2026-04-21T10:23:05.117+0000] {logging_mixin.py:188} INFO - [2026-04-21T10:23:05.117+0000] {dag.py:3058} INFO - Creating ORM DAG for ecommerce_analytics_pipeline
[2026-04-21T10:23:05.164+0000] {logging_mixin.py:188} INFO - [2026-04-21T10:23:05.163+0000] {dag.py:3823} INFO - Setting next_dagrun for ecommerce_analytics_pipeline to 2026-04-20 00:00:00+00:00, run_after=2026-04-21 00:00:00+00:00
[2026-04-21T10:23:05.229+0000] {processor.py:183} INFO - Processing /opt/airflow/dags/ecommerce_pipeline.py took 1.684 seconds
[2026-04-21T10:23:35.690+0000] {processor.py:161} INFO - Started process (PID=187) to work on /opt/airflow/dags/ecommerce_pipeline.py
[2026-04-21T10:23:35.692+0000] {processor.py:830} INFO - Processing file /opt/airflow/dags/ecommerce_pipeline.py for tasks to queue
[2026-04-21T10:23:35.694+0000] {logging_mixin.py:188} INFO - [2026-04-21T10:23:35.693+0000] {dagbag.py:538} INFO - Filling up the DagBag from /opt/airflow/dags/ecommerce_pipeline.py
[2026-04-21T10:23:35.761+0000] {processor.py:840} INFO - DAG(s) 'ecommerce_analytics_pipeline' retrieved from /opt/airflow/dags/ecommerce_pipeline.py
[2026-04-21T10:23:35.805+0000] {logging_mixin.py:188} INFO - [2026-04-21T10:23:35.805+0000] {dag.py:3036} INFO - Sync 1 DAGs
[2026-04-21T10:23:35.839+0000] {logging_mixin.py:188} INFO - [2026-04-21T10:23:35.838+0000] {dag.py:3823} INFO - Setting next_dagrun for ecommerce_analytics_pipeline to 2026-04-20 00:00:00+00:00, run_after=2026-04-21 00:00:00+00:00
[2026-04-21T10:23:35.870+0000] {processor.py:183} INFO - Processing /opt/airflow/dags/ecommerce_pipeline.py took 0.187 seconds
[2026-04-21T10:24:06.173+0000] {processor.py:161} INFO - Started process (PID=192) to work on /opt/airflow/dags/ecommerce_pipeline.py
[2026-04-21T10:24:06.174+0000] {processor.py:830} INFO - Processing file /opt/airflow/dags/ecommerce_pipeline.py for tasks to queue
[2026-04-21T10:24:06.176+0000] {logging_mixin.py:188} INFO - [2026-04-21T10:24:06.175+0000] {dagbag.py:538} INFO - Filling up the DagBag from /opt/airflow/dags/ecommerce_pipeline.py
[2026-04-21T10:24:06.214+0000] {processor.py:840} INFO - DAG(s) 'ecommerce_analytics_pipeline' retrieved from /opt/airflow/dags/ecommerce_pipeline.py
[2026-04-21T10:24:06.252+0000] {logging_mixin.py:188} INFO - [2026-04-21T10:24:06.252+0000] {dag.py:3036} INFO - Sync 1 DAGs
[2026-04-21T10:24:06.280+0000] {logging_mixin.py:188} INFO - [2026-04-21T10:24:06.279+0000] {dag.py:3823} INFO - Setting next_dagrun for ecommerce_analytics_pipeline to 2026-04-20 00:00:00+00:00, run_after=2026-04-21 00:00:00+00:00
[2026-04-21T10:24:06.308+0000] {processor.py:183} INFO - Processing /opt/airflow/dags/ecommerce_pipeline.py took 0.139 seconds
[2026-04-21T10:24:36.598+0000] {processor.py:161} INFO - Started process (PID=197) to work on /opt/airflow/dags/ecommerce_pipeline.py
[2026-04-21T10:24:36.600+0000] {processor.py:830} INFO - Processing file /opt/airflow/dags/ecommerce_pipeline.py for tasks to queue
[2026-04-21T10:24:36.602+0000] {logging_mixin.py:188} INFO - [2026-04-21T10:24:36.601+0000] {dagbag.py:538} INFO - Filling up the DagBag from /opt/airflow/dags/ecommerce_pipeline.py
[2026-04-21T10:24:36.644+0000] {processor.py:840} INFO - DAG(s) 'ecommerce_analytics_pipeline' retrieved from /opt/airflow/dags/ecommerce_pipeline.py
[2026-04-21T10:24:36.694+0000] {logging_mixin.py:188} INFO - [2026-04-21T10:24:36.694+0000] {dag.py:3036} INFO - Sync 1 DAGs
[2026-04-21T10:24:36.723+0000] {logging_mixin.py:188} INFO - [2026-04-21T10:24:36.722+0000] {dag.py:3823} INFO - Setting next_dagrun for ecommerce_analytics_pipeline to 2026-04-20 00:00:00+00:00, run_after=2026-04-21 00:00:00+00:00
[2026-04-21T10:24:36.751+0000] {processor.py:183} INFO - Processing /opt/airflow/dags/ecommerce_pipeline.py took 0.157 seconds
[2026-04-21T10:25:07.083+0000] {processor.py:161} INFO - Started process (PID=202) to work on /opt/airflow/dags/ecommerce_pipeline.py
[2026-04-21T10:25:07.084+0000] {processor.py:830} INFO - Processing file /opt/airflow/dags/ecommerce_pipeline.py for tasks to queue
[2026-04-21T10:25:07.086+0000] {logging_mixin.py:188} INFO - [2026-04-21T10:25:07.086+0000] {dagbag.py:538} INFO - Filling up the DagBag from /opt/airflow/dags/ecommerce_pipeline.py
[2026-04-21T10:25:07.122+0000] {processor.py:840} INFO - DAG(s) 'ecommerce_analytics_pipeline' retrieved from /opt/airflow/dags/ecommerce_pipeline.py
[2026-04-21T10:25:07.162+0000] {logging_mixin.py:188} INFO - [2026-04-21T10:25:07.162+0000] {dag.py:3036} INFO - Sync 1 DAGs
[2026-04-21T10:25:07.193+0000] {logging_mixin.py:188} INFO - [2026-04-21T10:25:07.192+0000] {dag.py:3823} INFO - Setting next_dagrun for ecommerce_analytics_pipeline to 2026-04-20 00:00:00+00:00, run_after=2026-04-21 00:00:00+00:00
[2026-04-21T10:25:07.220+0000] {processor.py:183} INFO - Processing /opt/airflow/dags/ecommerce_pipeline.py took 0.142 seconds
[2026-04-21T10:25:37.553+0000] {processor.py:161} INFO - Started process (PID=207) to work on /opt/airflow/dags/ecommerce_pipeline.py
[2026-04-21T10:25:37.555+0000] {processor.py:830} INFO - Processing file /opt/airflow/dags/ecommerce_pipeline.py for tasks to queue
[2026-04-21T10:25:37.556+0000] {logging_mixin.py:188} INFO - [2026-04-21T10:25:37.556+0000] {dagbag.py:538} INFO - Filling up the DagBag from /opt/airflow/dags/ecommerce_pipeline.py
[2026-04-21T10:25:37.593+0000] {processor.py:840} INFO - DAG(s) 'ecommerce_analytics_pipeline' retrieved from /opt/airflow/dags/ecommerce_pipeline.py
[2026-04-21T10:25:37.636+0000] {logging_mixin.py:188} INFO - [2026-04-21T10:25:37.635+0000] {dag.py:3036} INFO - Sync 1 DAGs
[2026-04-21T10:25:37.666+0000] {logging_mixin.py:188} INFO - [2026-04-21T10:25:37.666+0000] {dag.py:3823} INFO - Setting next_dagrun for ecommerce_analytics_pipeline to 2026-04-20 00:00:00+00:00, run_after=2026-04-21 00:00:00+00:00
[2026-04-21T10:25:37.698+0000] {processor.py:183} INFO - Processing /opt/airflow/dags/ecommerce_pipeline.py took 0.149 seconds
[2026-04-21T10:26:07.977+0000] {processor.py:161} INFO - Started process (PID=212) to work on /opt/airflow/dags/ecommerce_pipeline.py
[2026-04-21T10:26:07.980+0000] {processor.py:830} INFO - Processing file /opt/airflow/dags/ecommerce_pipeline.py for tasks to queue
[2026-04-21T10:26:07.984+0000] {logging_mixin.py:188} INFO - [2026-04-21T10:26:07.983+0000] {dagbag.py:538} INFO - Filling up the DagBag from /opt/airflow/dags/ecommerce_pipeline.py
[2026-04-21T10:26:08.027+0000] {processor.py:840} INFO - DAG(s) 'ecommerce_analytics_pipeline' retrieved from /opt/airflow/dags/ecommerce_pipeline.py
[2026-04-21T10:26:08.068+0000] {logging_mixin.py:188} INFO - [2026-04-21T10:26:08.068+0000] {dag.py:3036} INFO - Sync 1 DAGs
[2026-04-21T10:26:08.097+0000] {logging_mixin.py:188} INFO - [2026-04-21T10:26:08.097+0000] {dag.py:3823} INFO - Setting next_dagrun for ecommerce_analytics_pipeline to 2026-04-20 00:00:00+00:00, run_after=2026-04-21 00:00:00+00:00
[2026-04-21T10:26:08.126+0000] {processor.py:183} INFO - Processing /opt/airflow/dags/ecommerce_pipeline.py took 0.173 seconds
[2026-04-21T10:26:38.435+0000] {processor.py:161} INFO - Started process (PID=217) to work on /opt/airflow/dags/ecommerce_pipeline.py
[2026-04-21T10:26:38.437+0000] {processor.py:830} INFO - Processing file /opt/airflow/dags/ecommerce_pipeline.py for tasks to queue
[2026-04-21T10:26:38.438+0000] {logging_mixin.py:188} INFO - [2026-04-21T10:26:38.438+0000] {dagbag.py:538} INFO - Filling up the DagBag from /opt/airflow/dags/ecommerce_pipeline.py
[2026-04-21T10:26:38.472+0000] {processor.py:840} INFO - DAG(s) 'ecommerce_analytics_pipeline' retrieved from /opt/airflow/dags/ecommerce_pipeline.py
[2026-04-21T10:26:38.512+0000] {logging_mixin.py:188} INFO - [2026-04-21T10:26:38.511+0000] {dag.py:3036} INFO - Sync 1 DAGs
[2026-04-21T10:26:38.542+0000] {logging_mixin.py:188} INFO - [2026-04-21T10:26:38.542+0000] {dag.py:3823} INFO - Setting next_dagrun for ecommerce_analytics_pipeline to 2026-04-20 00:00:00+00:00, run_after=2026-04-21 00:00:00+00:00
[2026-04-21T10:26:38.573+0000] {processor.py:183} INFO - Processing /opt/airflow/dags/ecommerce_pipeline.py took 0.142 seconds
[2026-04-21T10:27:08.949+0000] {processor.py:161} INFO - Started process (PID=222) to work on /opt/airflow/dags/ecommerce_pipeline.py
[2026-04-21T10:27:08.951+0000] {processor.py:830} INFO - Processing file /opt/airflow/dags/ecommerce_pipeline.py for tasks to queue
[2026-04-21T10:27:08.952+0000] {logging_mixin.py:188} INFO - [2026-04-21T10:27:08.952+0000] {dagbag.py:538} INFO - Filling up the DagBag from /opt/airflow/dags/ecommerce_pipeline.py
[2026-04-21T10:27:08.998+0000] {processor.py:840} INFO - DAG(s) 'ecommerce_analytics_pipeline' retrieved from /opt/airflow/dags/ecommerce_pipeline.py
[2026-04-21T10:27:09.046+0000] {logging_mixin.py:188} INFO - [2026-04-21T10:27:09.046+0000] {dag.py:3036} INFO - Sync 1 DAGs
[2026-04-21T10:27:09.078+0000] {logging_mixin.py:188} INFO - [2026-04-21T10:27:09.078+0000] {dag.py:3823} INFO - Setting next_dagrun for ecommerce_analytics_pipeline to 2026-04-20 00:00:00+00:00, run_after=2026-04-21 00:00:00+00:00
[2026-04-21T10:27:09.107+0000] {processor.py:183} INFO - Processing /opt/airflow/dags/ecommerce_pipeline.py took 0.163 seconds
[2026-04-21T10:27:39.365+0000] {processor.py:161} INFO - Started process (PID=227) to work on /opt/airflow/dags/ecommerce_pipeline.py
[2026-04-21T10:27:39.368+0000] {processor.py:830} INFO - Processing file /opt/airflow/dags/ecommerce_pipeline.py for tasks to queue
[2026-04-21T10:27:39.369+0000] {logging_mixin.py:188} INFO - [2026-04-21T10:27:39.369+0000] {dagbag.py:538} INFO - Filling up the DagBag from /opt/airflow/dags/ecommerce_pipeline.py
[2026-04-21T10:27:39.433+0000] {processor.py:840} INFO - DAG(s) 'ecommerce_analytics_pipeline' retrieved from /opt/airflow/dags/ecommerce_pipeline.py
[2026-04-21T10:27:39.477+0000] {logging_mixin.py:188} INFO - [2026-04-21T10:27:39.476+0000] {dag.py:3036} INFO - Sync 1 DAGs
[2026-04-21T10:27:39.503+0000] {logging_mixin.py:188} INFO - [2026-04-21T10:27:39.503+0000] {dag.py:3823} INFO - Setting next_dagrun for ecommerce_analytics_pipeline to 2026-04-20 00:00:00+00:00, run_after=2026-04-21 00:00:00+00:00
[2026-04-21T10:27:39.553+0000] {processor.py:183} INFO - Processing /opt/airflow/dags/ecommerce_pipeline.py took 0.207 seconds
[2026-04-21T10:28:10.060+0000] {processor.py:161} INFO - Started process (PID=232) to work on /opt/airflow/dags/ecommerce_pipeline.py
[2026-04-21T10:28:10.062+0000] {processor.py:830} INFO - Processing file /opt/airflow/dags/ecommerce_pipeline.py for tasks to queue
[2026-04-21T10:28:10.063+0000] {logging_mixin.py:188} INFO - [2026-04-21T10:28:10.063+0000] {dagbag.py:538} INFO - Filling up the DagBag from /opt/airflow/dags/ecommerce_pipeline.py
[2026-04-21T10:28:10.098+0000] {processor.py:840} INFO - DAG(s) 'ecommerce_analytics_pipeline' retrieved from /opt/airflow/dags/ecommerce_pipeline.py
[2026-04-21T10:28:10.143+0000] {logging_mixin.py:188} INFO - [2026-04-21T10:28:10.143+0000] {dag.py:3036} INFO - Sync 1 DAGs
[2026-04-21T10:28:10.170+0000] {logging_mixin.py:188} INFO - [2026-04-21T10:28:10.170+0000] {dag.py:3823} INFO - Setting next_dagrun for ecommerce_analytics_pipeline to 2026-04-20 00:00:00+00:00, run_after=2026-04-21 00:00:00+00:00
[2026-04-21T10:28:10.199+0000] {processor.py:183} INFO - Processing /opt/airflow/dags/ecommerce_pipeline.py took 0.148 seconds
[2026-04-21T10:28:40.515+0000] {processor.py:161} INFO - Started process (PID=237) to work on /opt/airflow/dags/ecommerce_pipeline.py
[2026-04-21T10:28:40.516+0000] {processor.py:830} INFO - Processing file /opt/airflow/dags/ecommerce_pipeline.py for tasks to queue
[2026-04-21T10:28:40.518+0000] {logging_mixin.py:188} INFO - [2026-04-21T10:28:40.518+0000] {dagbag.py:538} INFO - Filling up the DagBag from /opt/airflow/dags/ecommerce_pipeline.py
[2026-04-21T10:28:40.560+0000] {processor.py:840} INFO - DAG(s) 'ecommerce_analytics_pipeline' retrieved from /opt/airflow/dags/ecommerce_pipeline.py
[2026-04-21T10:28:40.603+0000] {logging_mixin.py:188} INFO - [2026-04-21T10:28:40.603+0000] {dag.py:3036} INFO - Sync 1 DAGs
[2026-04-21T10:28:40.636+0000] {logging_mixin.py:188} INFO - [2026-04-21T10:28:40.635+0000] {dag.py:3823} INFO - Setting next_dagrun for ecommerce_analytics_pipeline to 2026-04-20 00:00:00+00:00, run_after=2026-04-21 00:00:00+00:00
[2026-04-21T10:28:40.666+0000] {processor.py:183} INFO - Processing /opt/airflow/dags/ecommerce_pipeline.py took 0.156 seconds
[2026-04-21T11:04:11.220+0000] {processor.py:161} INFO - Started process (PID=244) to work on /opt/airflow/dags/ecommerce_pipeline.py
[2026-04-21T11:04:11.235+0000] {processor.py:830} INFO - Processing file /opt/airflow/dags/ecommerce_pipeline.py for tasks to queue
[2026-04-21T11:04:11.249+0000] {logging_mixin.py:188} INFO - [2026-04-21T11:04:11.238+0000] {dagbag.py:538} INFO - Filling up the DagBag from /opt/airflow/dags/ecommerce_pipeline.py
[2026-04-21T11:04:11.456+0000] {processor.py:840} INFO - DAG(s) 'ecommerce_analytics_pipeline' retrieved from /opt/airflow/dags/ecommerce_pipeline.py
[2026-04-21T11:04:11.858+0000] {logging_mixin.py:188} INFO - [2026-04-21T11:04:11.857+0000] {dag.py:3036} INFO - Sync 1 DAGs
[2026-04-21T11:04:12.076+0000] {logging_mixin.py:188} INFO - [2026-04-21T11:04:12.075+0000] {dag.py:3823} INFO - Setting next_dagrun for ecommerce_analytics_pipeline to 2026-04-20 00:00:00+00:00, run_after=2026-04-21 00:00:00+00:00
[2026-04-21T11:04:12.172+0000] {processor.py:183} INFO - Processing /opt/airflow/dags/ecommerce_pipeline.py took 0.985 seconds
[2026-04-21T13:04:31.667+0000] {processor.py:161} INFO - Started process (PID=251) to work on /opt/airflow/dags/ecommerce_pipeline.py
[2026-04-21T13:04:31.673+0000] {processor.py:830} INFO - Processing file /opt/airflow/dags/ecommerce_pipeline.py for tasks to queue
[2026-04-21T13:04:31.730+0000] {logging_mixin.py:188} INFO - [2026-04-21T13:04:31.729+0000] {dagbag.py:538} INFO - Filling up the DagBag from /opt/airflow/dags/ecommerce_pipeline.py
[2026-04-21T13:04:31.857+0000] {processor.py:840} INFO - DAG(s) 'ecommerce_analytics_pipeline' retrieved from /opt/airflow/dags/ecommerce_pipeline.py
[2026-04-21T13:04:31.989+0000] {logging_mixin.py:188} INFO - [2026-04-21T13:04:31.988+0000] {dag.py:3036} INFO - Sync 1 DAGs
[2026-04-21T13:04:32.063+0000] {logging_mixin.py:188} INFO - [2026-04-21T13:04:32.062+0000] {dag.py:3823} INFO - Setting next_dagrun for ecommerce_analytics_pipeline to 2026-04-20 00:00:00+00:00, run_after=2026-04-21 00:00:00+00:00
[2026-04-21T13:04:32.117+0000] {processor.py:183} INFO - Processing /opt/airflow/dags/ecommerce_pipeline.py took 0.469 seconds
