[2026-04-22T10:18:11.059+0000] {taskinstance.py:1956} INFO - Dependencies all met for dep_context=non-requeueable deps ti=<TaskInstance: ecommerce_analytics_pipeline.run_dbt_marts scheduled__2026-04-21T00:00:00+00:00 [queued]>
[2026-04-22T10:18:11.079+0000] {taskinstance.py:1956} INFO - Dependencies all met for dep_context=requeueable deps ti=<TaskInstance: ecommerce_analytics_pipeline.run_dbt_marts scheduled__2026-04-21T00:00:00+00:00 [queued]>
[2026-04-22T10:18:11.081+0000] {taskinstance.py:2170} INFO - Starting attempt 1 of 2
[2026-04-22T10:18:11.111+0000] {taskinstance.py:2191} INFO - Executing <Task(BashOperator): run_dbt_marts> on 2026-04-21 00:00:00+00:00
[2026-04-22T10:18:11.121+0000] {standard_task_runner.py:60} INFO - Started process 2916 to run task
[2026-04-22T10:18:11.128+0000] {standard_task_runner.py:87} INFO - Running: ['***', 'tasks', 'run', 'ecommerce_analytics_pipeline', 'run_dbt_marts', 'scheduled__2026-04-21T00:00:00+00:00', '--job-id', '18', '--raw', '--subdir', 'DAGS_FOLDER/ecommerce_pipeline.py', '--cfg-path', '/tmp/tmptcc49tvh']
[2026-04-22T10:18:11.133+0000] {standard_task_runner.py:88} INFO - Job 18: Subtask run_dbt_marts
[2026-04-22T10:18:11.258+0000] {task_command.py:423} INFO - Running <TaskInstance: ecommerce_analytics_pipeline.run_dbt_marts scheduled__2026-04-21T00:00:00+00:00 [running]> on host 5f98f2d03914
[2026-04-22T10:18:11.429+0000] {taskinstance.py:2480} INFO - Exporting env vars: AIRFLOW_CTX_DAG_OWNER='sarthak' AIRFLOW_CTX_DAG_ID='ecommerce_analytics_pipeline' AIRFLOW_CTX_TASK_ID='run_dbt_marts' AIRFLOW_CTX_EXECUTION_DATE='2026-04-21T00:00:00+00:00' AIRFLOW_CTX_TRY_NUMBER='1' AIRFLOW_CTX_DAG_RUN_ID='scheduled__2026-04-21T00:00:00+00:00'
[2026-04-22T10:18:11.433+0000] {subprocess.py:63} INFO - Tmp dir root location: /tmp
[2026-04-22T10:18:11.435+0000] {subprocess.py:75} INFO - Running command: ['/usr/bin/bash', '-c', '\n            cd /opt/***/dbt_project &&             dbt run --select marts --profiles-dir .\n        ']
[2026-04-22T10:18:11.456+0000] {subprocess.py:86} INFO - Output:
[2026-04-22T10:18:16.866+0000] {subprocess.py:93} INFO - [0m10:18:16  Running with dbt=1.7.0
[2026-04-22T10:18:17.436+0000] {subprocess.py:93} INFO - [0m10:18:17  Registered adapter: postgres=1.7.0
[2026-04-22T10:18:17.922+0000] {subprocess.py:93} INFO - [0m10:18:17  Found 6 models, 17 tests, 0 sources, 0 exposures, 0 metrics, 401 macros, 0 groups, 0 semantic models
[2026-04-22T10:18:17.927+0000] {subprocess.py:93} INFO - [0m10:18:17
[2026-04-22T10:18:18.206+0000] {subprocess.py:93} INFO - [0m10:18:18  Concurrency: 4 threads (target='dev')
[2026-04-22T10:18:18.208+0000] {subprocess.py:93} INFO - [0m10:18:18
[2026-04-22T10:18:18.226+0000] {subprocess.py:93} INFO - [0m10:18:18  1 of 3 START sql table model analytics_analytics.mart_customer_orders .......... [RUN]
[2026-04-22T10:18:18.227+0000] {subprocess.py:93} INFO - [0m10:18:18  2 of 3 START sql table model analytics_analytics.mart_daily_sales .............. [RUN]
[2026-04-22T10:18:18.229+0000] {subprocess.py:93} INFO - [0m10:18:18  3 of 3 START sql table model analytics_analytics.mart_revenue_by_category ...... [RUN]
[2026-04-22T10:18:18.648+0000] {subprocess.py:93} INFO - [0m10:18:18  2 of 3 OK created sql table model analytics_analytics.mart_daily_sales ......... [[32mSELECT 12[0m in 0.41s]
[2026-04-22T10:18:18.669+0000] {subprocess.py:93} INFO - [0m10:18:18  1 of 3 OK created sql table model analytics_analytics.mart_customer_orders ..... [[32mSELECT 7[0m in 0.43s]
[2026-04-22T10:18:18.672+0000] {subprocess.py:93} INFO - [0m10:18:18  3 of 3 OK created sql table model analytics_analytics.mart_revenue_by_category . [[32mSELECT 4[0m in 0.43s]
[2026-04-22T10:18:18.715+0000] {subprocess.py:93} INFO - [0m10:18:18
[2026-04-22T10:18:18.716+0000] {subprocess.py:93} INFO - [0m10:18:18  Finished running 3 table models in 0 hours 0 minutes and 0.79 seconds (0.79s).
[2026-04-22T10:18:18.766+0000] {subprocess.py:93} INFO - [0m10:18:18
[2026-04-22T10:18:18.768+0000] {subprocess.py:93} INFO - [0m10:18:18  [32mCompleted successfully[0m
[2026-04-22T10:18:18.770+0000] {subprocess.py:93} INFO - [0m10:18:18
[2026-04-22T10:18:18.772+0000] {subprocess.py:93} INFO - [0m10:18:18  Done. PASS=3 WARN=0 ERROR=0 SKIP=0 TOTAL=3
[2026-04-22T10:18:20.522+0000] {subprocess.py:97} INFO - Command exited with return code 0
[2026-04-22T10:18:20.574+0000] {taskinstance.py:1138} INFO - Marking task as SUCCESS. dag_id=ecommerce_analytics_pipeline, task_id=run_dbt_marts, execution_date=20260421T000000, start_date=20260422T101811, end_date=20260422T101820
[2026-04-22T10:18:20.633+0000] {local_task_job_runner.py:234} INFO - Task exited with return code 0
[2026-04-22T10:18:20.675+0000] {taskinstance.py:3280} INFO - 1 downstream tasks scheduled from follow-on schedule check
