[2026-04-22T10:13:48.584+0000] {taskinstance.py:1956} INFO - Dependencies all met for dep_context=non-requeueable deps ti=<TaskInstance: ecommerce_analytics_pipeline.run_products_etl scheduled__2026-04-21T00:00:00+00:00 [queued]>
[2026-04-22T10:13:48.606+0000] {taskinstance.py:1956} INFO - Dependencies all met for dep_context=requeueable deps ti=<TaskInstance: ecommerce_analytics_pipeline.run_products_etl scheduled__2026-04-21T00:00:00+00:00 [queued]>
[2026-04-22T10:13:48.608+0000] {taskinstance.py:2170} INFO - Starting attempt 1 of 2
[2026-04-22T10:13:48.637+0000] {taskinstance.py:2191} INFO - Executing <Task(BashOperator): run_products_etl> on 2026-04-21 00:00:00+00:00
[2026-04-22T10:13:48.647+0000] {standard_task_runner.py:60} INFO - Started process 679 to run task
[2026-04-22T10:13:48.679+0000] {standard_task_runner.py:87} INFO - Running: ['***', 'tasks', 'run', 'ecommerce_analytics_pipeline', 'run_products_etl', 'scheduled__2026-04-21T00:00:00+00:00', '--job-id', '3', '--raw', '--subdir', 'DAGS_FOLDER/ecommerce_pipeline.py', '--cfg-path', '/tmp/tmpgozfkd_6']
[2026-04-22T10:13:48.693+0000] {standard_task_runner.py:88} INFO - Job 3: Subtask run_products_etl
[2026-04-22T10:13:48.951+0000] {task_command.py:423} INFO - Running <TaskInstance: ecommerce_analytics_pipeline.run_products_etl scheduled__2026-04-21T00:00:00+00:00 [running]> on host 5f98f2d03914
[2026-04-22T10:13:49.243+0000] {taskinstance.py:2480} INFO - Exporting env vars: AIRFLOW_CTX_DAG_OWNER='sarthak' AIRFLOW_CTX_DAG_ID='ecommerce_analytics_pipeline' AIRFLOW_CTX_TASK_ID='run_products_etl' AIRFLOW_CTX_EXECUTION_DATE='2026-04-21T00:00:00+00:00' AIRFLOW_CTX_TRY_NUMBER='1' AIRFLOW_CTX_DAG_RUN_ID='scheduled__2026-04-21T00:00:00+00:00'
[2026-04-22T10:13:49.253+0000] {subprocess.py:63} INFO - Tmp dir root location: /tmp
[2026-04-22T10:13:49.254+0000] {subprocess.py:75} INFO - Running command: ['/usr/bin/bash', '-c', '\n            cd /opt/*** && python spark_jobs/etl_products.py\n        ']
[2026-04-22T10:13:49.278+0000] {subprocess.py:86} INFO - Output:
[2026-04-22T10:13:56.750+0000] {subprocess.py:93} INFO - :: loading settings :: url = jar:file:/home/***/.local/lib/python3.8/site-packages/pyspark/jars/ivy-2.5.1.jar!/org/apache/ivy/core/settings/ivysettings.xml
[2026-04-22T10:13:56.992+0000] {subprocess.py:93} INFO - Ivy Default Cache set to: /home/***/.ivy2/cache
[2026-04-22T10:13:56.994+0000] {subprocess.py:93} INFO - The jars for the packages stored in: /home/***/.ivy2/jars
[2026-04-22T10:13:57.012+0000] {subprocess.py:93} INFO - org.postgresql#postgresql added as a dependency
[2026-04-22T10:13:57.024+0000] {subprocess.py:93} INFO - :: resolving dependencies :: org.apache.spark#spark-submit-parent-f83d7368-2a35-4c6a-bafa-cad5e952945b;1.0
[2026-04-22T10:13:57.026+0000] {subprocess.py:93} INFO - 	confs: [default]
[2026-04-22T10:13:57.863+0000] {subprocess.py:93} INFO - You probably access the destination server through a proxy server that is not well configured.
[2026-04-22T10:13:57.865+0000] {subprocess.py:93} INFO - You probably access the destination server through a proxy server that is not well configured.
[2026-04-22T10:13:57.957+0000] {subprocess.py:93} INFO - You probably access the destination server through a proxy server that is not well configured.
[2026-04-22T10:13:57.959+0000] {subprocess.py:93} INFO - You probably access the destination server through a proxy server that is not well configured.
[2026-04-22T10:13:58.014+0000] {subprocess.py:93} INFO - :: resolution report :: resolve 990ms :: artifacts dl 0ms
[2026-04-22T10:13:58.016+0000] {subprocess.py:93} INFO - 	:: modules in use:
[2026-04-22T10:13:58.024+0000] {subprocess.py:93} INFO - 	---------------------------------------------------------------------
[2026-04-22T10:13:58.026+0000] {subprocess.py:93} INFO - 	|                  |            modules            ||   artifacts   |
[2026-04-22T10:13:58.027+0000] {subprocess.py:93} INFO - 	|       conf       | number| search|dwnlded|evicted|| number|dwnlded|
[2026-04-22T10:13:58.031+0000] {subprocess.py:93} INFO - 	---------------------------------------------------------------------
[2026-04-22T10:13:58.033+0000] {subprocess.py:93} INFO - 	|      default     |   1   |   0   |   0   |   0   ||   0   |   0   |
[2026-04-22T10:13:58.035+0000] {subprocess.py:93} INFO - 	---------------------------------------------------------------------
[2026-04-22T10:13:58.038+0000] {subprocess.py:93} INFO - 
[2026-04-22T10:13:58.040+0000] {subprocess.py:93} INFO - :: problems summary ::
[2026-04-22T10:13:58.041+0000] {subprocess.py:93} INFO - :::: WARNINGS
[2026-04-22T10:13:58.042+0000] {subprocess.py:93} INFO - 	Host repo1.maven.org not found. url=https://repo1.maven.org/maven2/org/postgresql/postgresql/42.6.0/postgresql-42.6.0.pom
[2026-04-22T10:13:58.043+0000] {subprocess.py:93} INFO - 
[2026-04-22T10:13:58.044+0000] {subprocess.py:93} INFO - 	Host repo1.maven.org not found. url=https://repo1.maven.org/maven2/org/postgresql/postgresql/42.6.0/postgresql-42.6.0.jar
[2026-04-22T10:13:58.045+0000] {subprocess.py:93} INFO - 
[2026-04-22T10:13:58.046+0000] {subprocess.py:93} INFO - 	Host repos.spark-packages.org not found. url=https://repos.spark-packages.org/org/postgresql/postgresql/42.6.0/postgresql-42.6.0.pom
[2026-04-22T10:13:58.047+0000] {subprocess.py:93} INFO - 
[2026-04-22T10:13:58.048+0000] {subprocess.py:93} INFO - 	Host repos.spark-packages.org not found. url=https://repos.spark-packages.org/org/postgresql/postgresql/42.6.0/postgresql-42.6.0.jar
[2026-04-22T10:13:58.049+0000] {subprocess.py:93} INFO - 
[2026-04-22T10:13:58.050+0000] {subprocess.py:93} INFO - 		module not found: org.postgresql#postgresql;42.6.0
[2026-04-22T10:13:58.051+0000] {subprocess.py:93} INFO - 
[2026-04-22T10:13:58.053+0000] {subprocess.py:93} INFO - 	==== local-m2-cache: tried
[2026-04-22T10:13:58.054+0000] {subprocess.py:93} INFO - 
[2026-04-22T10:13:58.056+0000] {subprocess.py:93} INFO - 	  file:/home/***/.m2/repository/org/postgresql/postgresql/42.6.0/postgresql-42.6.0.pom
[2026-04-22T10:13:58.057+0000] {subprocess.py:93} INFO - 
[2026-04-22T10:13:58.057+0000] {subprocess.py:93} INFO - 	  -- artifact org.postgresql#postgresql;42.6.0!postgresql.jar:
[2026-04-22T10:13:58.058+0000] {subprocess.py:93} INFO - 
[2026-04-22T10:13:58.059+0000] {subprocess.py:93} INFO - 	  file:/home/***/.m2/repository/org/postgresql/postgresql/42.6.0/postgresql-42.6.0.jar
[2026-04-22T10:13:58.060+0000] {subprocess.py:93} INFO - 
[2026-04-22T10:13:58.061+0000] {subprocess.py:93} INFO - 	==== local-ivy-cache: tried
[2026-04-22T10:13:58.061+0000] {subprocess.py:93} INFO - 
[2026-04-22T10:13:58.062+0000] {subprocess.py:93} INFO - 	  /home/***/.ivy2/local/org.postgresql/postgresql/42.6.0/ivys/ivy.xml
[2026-04-22T10:13:58.063+0000] {subprocess.py:93} INFO - 
[2026-04-22T10:13:58.064+0000] {subprocess.py:93} INFO - 	  -- artifact org.postgresql#postgresql;42.6.0!postgresql.jar:
[2026-04-22T10:13:58.064+0000] {subprocess.py:93} INFO - 
[2026-04-22T10:13:58.065+0000] {subprocess.py:93} INFO - 	  /home/***/.ivy2/local/org.postgresql/postgresql/42.6.0/jars/postgresql.jar
[2026-04-22T10:13:58.066+0000] {subprocess.py:93} INFO - 
[2026-04-22T10:13:58.067+0000] {subprocess.py:93} INFO - 	==== central: tried
[2026-04-22T10:13:58.068+0000] {subprocess.py:93} INFO - 
[2026-04-22T10:13:58.069+0000] {subprocess.py:93} INFO - 	  https://repo1.maven.org/maven2/org/postgresql/postgresql/42.6.0/postgresql-42.6.0.pom
[2026-04-22T10:13:58.070+0000] {subprocess.py:93} INFO - 
[2026-04-22T10:13:58.072+0000] {subprocess.py:93} INFO - 	  -- artifact org.postgresql#postgresql;42.6.0!postgresql.jar:
[2026-04-22T10:13:58.073+0000] {subprocess.py:93} INFO - 
[2026-04-22T10:13:58.074+0000] {subprocess.py:93} INFO - 	  https://repo1.maven.org/maven2/org/postgresql/postgresql/42.6.0/postgresql-42.6.0.jar
[2026-04-22T10:13:58.074+0000] {subprocess.py:93} INFO - 
[2026-04-22T10:13:58.075+0000] {subprocess.py:93} INFO - 	==== spark-packages: tried
[2026-04-22T10:13:58.076+0000] {subprocess.py:93} INFO - 
[2026-04-22T10:13:58.077+0000] {subprocess.py:93} INFO - 	  https://repos.spark-packages.org/org/postgresql/postgresql/42.6.0/postgresql-42.6.0.pom
[2026-04-22T10:13:58.078+0000] {subprocess.py:93} INFO - 
[2026-04-22T10:13:58.079+0000] {subprocess.py:93} INFO - 	  -- artifact org.postgresql#postgresql;42.6.0!postgresql.jar:
[2026-04-22T10:13:58.080+0000] {subprocess.py:93} INFO - 
[2026-04-22T10:13:58.081+0000] {subprocess.py:93} INFO - 	  https://repos.spark-packages.org/org/postgresql/postgresql/42.6.0/postgresql-42.6.0.jar
[2026-04-22T10:13:58.081+0000] {subprocess.py:93} INFO - 
[2026-04-22T10:13:58.082+0000] {subprocess.py:93} INFO - 		::::::::::::::::::::::::::::::::::::::::::::::
[2026-04-22T10:13:58.083+0000] {subprocess.py:93} INFO - 
[2026-04-22T10:13:58.084+0000] {subprocess.py:93} INFO - 		::          UNRESOLVED DEPENDENCIES         ::
[2026-04-22T10:13:58.085+0000] {subprocess.py:93} INFO - 
[2026-04-22T10:13:58.086+0000] {subprocess.py:93} INFO - 		::::::::::::::::::::::::::::::::::::::::::::::
[2026-04-22T10:13:58.088+0000] {subprocess.py:93} INFO - 
[2026-04-22T10:13:58.088+0000] {subprocess.py:93} INFO - 		:: org.postgresql#postgresql;42.6.0: not found
[2026-04-22T10:13:58.089+0000] {subprocess.py:93} INFO - 
[2026-04-22T10:13:58.090+0000] {subprocess.py:93} INFO - 		::::::::::::::::::::::::::::::::::::::::::::::
[2026-04-22T10:13:58.090+0000] {subprocess.py:93} INFO - 
[2026-04-22T10:13:58.091+0000] {subprocess.py:93} INFO - 
[2026-04-22T10:13:58.091+0000] {subprocess.py:93} INFO - 
[2026-04-22T10:13:58.092+0000] {subprocess.py:93} INFO - :: USE VERBOSE OR DEBUG MESSAGE LEVEL FOR MORE DETAILS
[2026-04-22T10:13:58.093+0000] {subprocess.py:93} INFO - Exception in thread "main" java.lang.RuntimeException: [unresolved dependency: org.postgresql#postgresql;42.6.0: not found]
[2026-04-22T10:13:58.093+0000] {subprocess.py:93} INFO - 	at org.apache.spark.deploy.SparkSubmitUtils$.resolveMavenCoordinates(SparkSubmit.scala:1537)
[2026-04-22T10:13:58.094+0000] {subprocess.py:93} INFO - 	at org.apache.spark.util.DependencyUtils$.resolveMavenDependencies(DependencyUtils.scala:185)
[2026-04-22T10:13:58.094+0000] {subprocess.py:93} INFO - 	at org.apache.spark.deploy.SparkSubmit.prepareSubmitEnvironment(SparkSubmit.scala:334)
[2026-04-22T10:13:58.095+0000] {subprocess.py:93} INFO - 	at org.apache.spark.deploy.SparkSubmit.org$apache$spark$deploy$SparkSubmit$$runMain(SparkSubmit.scala:964)
[2026-04-22T10:13:58.095+0000] {subprocess.py:93} INFO - 	at org.apache.spark.deploy.SparkSubmit.doRunMain$1(SparkSubmit.scala:194)
[2026-04-22T10:13:58.096+0000] {subprocess.py:93} INFO - 	at org.apache.spark.deploy.SparkSubmit.submit(SparkSubmit.scala:217)
[2026-04-22T10:13:58.096+0000] {subprocess.py:93} INFO - 	at org.apache.spark.deploy.SparkSubmit.doSubmit(SparkSubmit.scala:91)
[2026-04-22T10:13:58.097+0000] {subprocess.py:93} INFO - 	at org.apache.spark.deploy.SparkSubmit$$anon$2.doSubmit(SparkSubmit.scala:1120)
[2026-04-22T10:13:58.097+0000] {subprocess.py:93} INFO - 	at org.apache.spark.deploy.SparkSubmit$.main(SparkSubmit.scala:1129)
[2026-04-22T10:13:58.098+0000] {subprocess.py:93} INFO - 	at org.apache.spark.deploy.SparkSubmit.main(SparkSubmit.scala)
[2026-04-22T10:13:58.179+0000] {subprocess.py:93} INFO - Traceback (most recent call last):
[2026-04-22T10:13:58.180+0000] {subprocess.py:93} INFO -   File "spark_jobs/etl_products.py", line 99, in <module>
[2026-04-22T10:13:58.181+0000] {subprocess.py:93} INFO -     run()
[2026-04-22T10:13:58.182+0000] {subprocess.py:93} INFO -   File "spark_jobs/etl_products.py", line 82, in run
[2026-04-22T10:13:58.183+0000] {subprocess.py:93} INFO -     spark = create_spark_session()
[2026-04-22T10:13:58.184+0000] {subprocess.py:93} INFO -   File "spark_jobs/etl_products.py", line 13, in create_spark_session
[2026-04-22T10:13:58.185+0000] {subprocess.py:93} INFO -     return SparkSession.builder \
[2026-04-22T10:13:58.187+0000] {subprocess.py:93} INFO -   File "/home/***/.local/lib/python3.8/site-packages/pyspark/sql/session.py", line 497, in getOrCreate
[2026-04-22T10:13:58.189+0000] {subprocess.py:93} INFO -     sc = SparkContext.getOrCreate(sparkConf)
[2026-04-22T10:13:58.190+0000] {subprocess.py:93} INFO -   File "/home/***/.local/lib/python3.8/site-packages/pyspark/context.py", line 515, in getOrCreate
[2026-04-22T10:13:58.193+0000] {subprocess.py:93} INFO -     SparkContext(conf=conf or SparkConf())
[2026-04-22T10:13:58.194+0000] {subprocess.py:93} INFO -   File "/home/***/.local/lib/python3.8/site-packages/pyspark/context.py", line 201, in __init__
[2026-04-22T10:13:58.196+0000] {subprocess.py:93} INFO -     SparkContext._ensure_initialized(self, gateway=gateway, conf=conf)
[2026-04-22T10:13:58.197+0000] {subprocess.py:93} INFO -   File "/home/***/.local/lib/python3.8/site-packages/pyspark/context.py", line 436, in _ensure_initialized
[2026-04-22T10:13:58.199+0000] {subprocess.py:93} INFO -     SparkContext._gateway = gateway or launch_gateway(conf)
[2026-04-22T10:13:58.201+0000] {subprocess.py:93} INFO -   File "/home/***/.local/lib/python3.8/site-packages/pyspark/java_gateway.py", line 107, in launch_gateway
[2026-04-22T10:13:58.203+0000] {subprocess.py:93} INFO -     raise PySparkRuntimeError(
[2026-04-22T10:13:58.208+0000] {subprocess.py:93} INFO - pyspark.errors.exceptions.base.PySparkRuntimeError: [JAVA_GATEWAY_EXITED] Java gateway process exited before sending its port number.
[2026-04-22T10:13:58.299+0000] {subprocess.py:97} INFO - Command exited with return code 1
[2026-04-22T10:13:58.329+0000] {taskinstance.py:2698} ERROR - Task failed with exception
Traceback (most recent call last):
  File "/home/airflow/.local/lib/python3.8/site-packages/airflow/models/taskinstance.py", line 433, in _execute_task
    result = execute_callable(context=context, **execute_callable_kwargs)
  File "/home/airflow/.local/lib/python3.8/site-packages/airflow/operators/bash.py", line 212, in execute
    raise AirflowException(
airflow.exceptions.AirflowException: Bash command failed. The command returned a non-zero exit code 1.
[2026-04-22T10:13:58.334+0000] {taskinstance.py:1138} INFO - Marking task as UP_FOR_RETRY. dag_id=ecommerce_analytics_pipeline, task_id=run_products_etl, execution_date=20260421T000000, start_date=20260422T101348, end_date=20260422T101358
[2026-04-22T10:13:58.360+0000] {standard_task_runner.py:107} ERROR - Failed to execute job 3 for task run_products_etl (Bash command failed. The command returned a non-zero exit code 1.; 679)
[2026-04-22T10:13:58.413+0000] {local_task_job_runner.py:234} INFO - Task exited with return code 1
[2026-04-22T10:13:58.469+0000] {taskinstance.py:3280} INFO - 0 downstream tasks scheduled from follow-on schedule check
